Component: ARM Compiler 5.06 update 7 (build 960) Tool: armlink [4d3601]

==============================================================================

Section Cross References

    startup_stm32f407xx.o(RESET) refers to startup_stm32f407xx.o(STACK) for __initial_sp
    startup_stm32f407xx.o(RESET) refers to startup_stm32f407xx.o(.text) for Reset_Handler
    startup_stm32f407xx.o(RESET) refers to stm32f4xx_it.o(i.NMI_Handler) for NMI_Handler
    startup_stm32f407xx.o(RESET) refers to stm32f4xx_it.o(i.HardFault_Handler) for HardFault_Handler
    startup_stm32f407xx.o(RESET) refers to stm32f4xx_it.o(i.MemManage_Handler) for MemManage_Handler
    startup_stm32f407xx.o(RESET) refers to stm32f4xx_it.o(i.BusFault_Handler) for BusFault_Handler
    startup_stm32f407xx.o(RESET) refers to stm32f4xx_it.o(i.UsageFault_Handler) for UsageFault_Handler
    startup_stm32f407xx.o(RESET) refers to stm32f4xx_it.o(i.SVC_Handler) for SVC_Handler
    startup_stm32f407xx.o(RESET) refers to stm32f4xx_it.o(i.DebugMon_Handler) for DebugMon_Handler
    startup_stm32f407xx.o(RESET) refers to stm32f4xx_it.o(i.PendSV_Handler) for PendSV_Handler
    startup_stm32f407xx.o(RESET) refers to stm32f4xx_it.o(i.SysTick_Handler) for SysTick_Handler
    startup_stm32f407xx.o(RESET) refers to stm32f4xx_it.o(i.ADC_IRQHandler) for ADC_IRQHandler
    startup_stm32f407xx.o(.text) refers to system_stm32f4xx.o(i.SystemInit) for SystemInit
    startup_stm32f407xx.o(.text) refers to entry.o(.ARM.Collect$$$$00000000) for __main
    main.o(i.HAL_ADC_ConvCpltCallback) refers to stm32f4xx_hal_adc.o(i.HAL_ADC_GetValue) for HAL_ADC_GetValue
    main.o(i.HAL_ADC_ConvCpltCallback) refers to oled.o(i.OLED_ShowNum) for OLED_ShowNum
    main.o(i.HAL_ADC_ConvCpltCallback) refers to oled.o(i.OLED_Refresh) for OLED_Refresh
    main.o(i.HAL_ADC_ConvCpltCallback) refers to adc.o(.bss) for hadc1
    main.o(i.SystemClock_Config) refers to memseta.o(.text) for __aeabi_memclr4
    main.o(i.SystemClock_Config) refers to stm32f4xx_hal_rcc.o(i.HAL_RCC_OscConfig) for HAL_RCC_OscConfig
    main.o(i.SystemClock_Config) refers to stm32f4xx_hal_rcc.o(i.HAL_RCC_ClockConfig) for HAL_RCC_ClockConfig
    main.o(i.fputc) refers to stm32f4xx_hal_uart.o(i.HAL_UART_Transmit) for HAL_UART_Transmit
    main.o(i.fputc) refers to usart.o(.bss) for huart1
    main.o(i.joint_angle) refers to dfltui.o(.text) for __aeabi_ui2d
    main.o(i.joint_angle) refers to dflti.o(.text) for __aeabi_i2d
    main.o(i.joint_angle) refers to dmul.o(.text) for __aeabi_dmul
    main.o(i.joint_angle) refers to ddiv.o(.text) for __aeabi_ddiv
    main.o(i.joint_angle) refers to round.o(i.__hardfp_round) for __hardfp_round
    main.o(i.joint_angle) refers to dfixi.o(.text) for __aeabi_d2iz
    main.o(i.joint_angle) refers to pca9685.o(i.setPWM) for setPWM
    main.o(i.joint_angle) refers to stm32f4xx_hal.o(i.HAL_Delay) for HAL_Delay
    main.o(i.joint_angle) refers to main.o(.bss) for .bss
    main.o(i.joint_angle) refers to main.o(.data) for .data
    main.o(i.joint_angle_mode0) refers to dfltui.o(.text) for __aeabi_ui2d
    main.o(i.joint_angle_mode0) refers to dflti.o(.text) for __aeabi_i2d
    main.o(i.joint_angle_mode0) refers to dmul.o(.text) for __aeabi_dmul
    main.o(i.joint_angle_mode0) refers to ddiv.o(.text) for __aeabi_ddiv
    main.o(i.joint_angle_mode0) refers to round.o(i.__hardfp_round) for __hardfp_round
    main.o(i.joint_angle_mode0) refers to dfixi.o(.text) for __aeabi_d2iz
    main.o(i.joint_angle_mode0) refers to pca9685.o(i.setPWM) for setPWM
    main.o(i.joint_angle_mode0) refers to stm32f4xx_hal.o(i.HAL_Delay) for HAL_Delay
    main.o(i.joint_angle_mode0) refers to main.o(.bss) for .bss
    main.o(i.joint_angle_mode0) refers to main.o(.data) for .data
    main.o(i.joint_init) refers to myiic.o(i.IIC_Init) for IIC_Init
    main.o(i.joint_init) refers to pca9685.o(i.PCA9685_write) for PCA9685_write
    main.o(i.joint_init) refers to pca9685.o(i.setPWMFreq) for setPWMFreq
    main.o(i.joint_init) refers to pca9685.o(i.setPWM) for setPWM
    main.o(i.joint_init) refers to main.o(.data) for .data
    main.o(i.main) refers to stm32f4xx_hal.o(i.HAL_Init) for HAL_Init
    main.o(i.main) refers to main.o(i.SystemClock_Config) for SystemClock_Config
    main.o(i.main) refers to gpio.o(i.MX_GPIO_Init) for MX_GPIO_Init
    main.o(i.main) refers to usart.o(i.MX_USART1_UART_Init) for MX_USART1_UART_Init
    main.o(i.main) refers to adc.o(i.MX_ADC1_Init) for MX_ADC1_Init
    main.o(i.main) refers to tim.o(i.MX_TIM2_Init) for MX_TIM2_Init
    main.o(i.main) refers to main.o(i.joint_init) for joint_init
    main.o(i.main) refers to oled.o(i.OLED_Init) for OLED_Init
    main.o(i.main) refers to oled.o(i.OLED_ShowChinese) for OLED_ShowChinese
    main.o(i.main) refers to oled.o(i.OLED_ShowChar) for OLED_ShowChar
    main.o(i.main) refers to oled.o(i.OLED_Refresh) for OLED_Refresh
    main.o(i.main) refers to stm32f4xx_hal_tim.o(i.HAL_TIM_Base_Start) for HAL_TIM_Base_Start
[...]
    Removing stm32f4xx_hal_tim.o(i.HAL_TIM_OC_Stop_IT), (488 bytes).
    Removing stm32f4xx_hal_tim.o(i.HAL_TIM_OnePulse_ConfigChannel), (648 bytes).
    Removing stm32f4xx_hal_tim.o(i.HAL_TIM_OnePulse_DeInit), (280 bytes).
    Removing stm32f4xx_hal_tim.o(i.HAL_TIM_OnePulse_GetState), (6 bytes).
    Removing stm32f4xx_hal_tim.o(i.HAL_TIM_OnePulse_Init), (380 bytes).
    Removing stm32f4xx_hal_tim.o(i.HAL_TIM_OnePulse_MspDeInit), (2 bytes).
    Removing stm32f4xx_hal_tim.o(i.HAL_TIM_OnePulse_MspInit), (2 bytes).
    Removing stm32f4xx_hal_tim.o(i.HAL_TIM_OnePulse_Start), (112 bytes).
    Removing stm32f4xx_hal_tim.o(i.HAL_TIM_OnePulse_Start_IT), (132 bytes).
    Removing stm32f4xx_hal_tim.o(i.HAL_TIM_OnePulse_Stop), (112 bytes).
    Removing stm32f4xx_hal_tim.o(i.HAL_TIM_OnePulse_Stop_IT), (132 bytes).
    Removing stm32f4xx_hal_tim.o(i.HAL_TIM_PWM_ConfigChannel), (616 bytes).
    Removing stm32f4xx_hal_tim.o(i.HAL_TIM_PWM_DeInit), (296 bytes).
    Removing stm32f4xx_hal_tim.o(i.HAL_TIM_PWM_GetState), (6 bytes).
    Removing stm32f4xx_hal_tim.o(i.HAL_TIM_PWM_Init), (368 bytes).
    Removing stm32f4xx_hal_tim.o(i.HAL_TIM_PWM_MspDeInit), (2 bytes).
    Removing stm32f4xx_hal_tim.o(i.HAL_TIM_PWM_MspInit), (2 bytes).
    Removing stm32f4xx_hal_tim.o(i.HAL_TIM_PWM_PulseFinishedCallback), (2 bytes).
    Removing stm32f4xx_hal_tim.o(i.HAL_TIM_PWM_PulseFinishedHalfCpltCallback), (2 bytes).
    Removing stm32f4xx_hal_tim.o(i.HAL_TIM_PWM_Start), (476 bytes).
    Removing stm32f4xx_hal_tim.o(i.HAL_TIM_PWM_Start_DMA), (712 bytes).
    Removing stm32f4xx_hal_tim.o(i.HAL_TIM_PWM_Start_IT), (528 bytes).
    Removing stm32f4xx_hal_tim.o(i.HAL_TIM_PWM_Stop), (420 bytes).
    Removing stm32f4xx_hal_tim.o(i.HAL_TIM_PWM_Stop_DMA), (508 bytes).
    Removing stm32f4xx_hal_tim.o(i.HAL_TIM_PWM_Stop_IT), (488 bytes).
    Removing stm32f4xx_hal_tim.o(i.HAL_TIM_PeriodElapsedCallback), (2 bytes).
    Removing stm32f4xx_hal_tim.o(i.HAL_TIM_PeriodElapsedHalfCpltCallback), (2 bytes).
    Removing stm32f4xx_hal_tim.o(i.HAL_TIM_ReadCapturedValue), (356 bytes).
    Removing stm32f4xx_hal_tim.o(i.HAL_TIM_SlaveConfigSynchro), (308 bytes).
    Removing stm32f4xx_hal_tim.o(i.HAL_TIM_SlaveConfigSynchro_IT), (308 bytes).
    Removing stm32f4xx_hal_tim.o(i.HAL_TIM_TriggerCallback), (2 bytes).
    Removing stm32f4xx_hal_tim.o(i.HAL_TIM_TriggerHalfCpltCallback), (2 bytes).
    Removing stm32f4xx_hal_tim.o(i.TIM_CCxChannelCmd), (244 bytes).
    Removing stm32f4xx_hal_tim.o(i.TIM_DMACaptureCplt), (110 bytes).
    Removing stm32f4xx_hal_tim.o(i.TIM_DMACaptureHalfCplt), (56 bytes).
    Removing stm32f4xx_hal_tim.o(i.TIM_DMADelayPulseCplt), (94 bytes).
    Removing stm32f4xx_hal_tim.o(i.TIM_DMADelayPulseHalfCplt), (56 bytes).
    Removing stm32f4xx_hal_tim.o(i.TIM_DMAError), (84 bytes).
    Removing stm32f4xx_hal_tim.o(i.TIM_DMAPeriodElapsedCplt), (22 bytes).
    Removing stm32f4xx_hal_tim.o(i.TIM_DMAPeriodElapsedHalfCplt), (10 bytes).
    Removing stm32f4xx_hal_tim.o(i.TIM_DMATriggerCplt), (22 bytes).
    Removing stm32f4xx_hal_tim.o(i.TIM_DMATriggerHalfCplt), (10 bytes).
    Removing stm32f4xx_hal_tim.o(i.TIM_OC1_SetConfig), (228 bytes).
    Removing stm32f4xx_hal_tim.o(i.TIM_OC2_SetConfig), (236 bytes).
    Removing stm32f4xx_hal_tim.o(i.TIM_OC3_SetConfig), (236 bytes).
    Removing stm32f4xx_hal_tim.o(i.TIM_OC4_SetConfig), (164 bytes).
    Removing stm32f4xx_hal_tim.o(i.TIM_SlaveTimer_SetConfig), (728 bytes).
    Removing stm32f4xx_hal_tim.o(i.TIM_TI1_SetConfig), (128 bytes).
    Removing stm32f4xx_hal_tim.o(i.TIM_TI2_SetConfig), (54 bytes).
    Removing stm32f4xx_hal_tim_ex.o(.rev16_text), (4 bytes).
    Removing stm32f4xx_hal_tim_ex.o(.revsh_text), (4 bytes).
    Removing stm32f4xx_hal_tim_ex.o(.rrx_text), (6 bytes).
    Removing stm32f4xx_hal_tim_ex.o(i.HAL_TIMEx_BreakCallback), (2 bytes).
    Removing stm32f4xx_hal_tim_ex.o(i.HAL_TIMEx_CommutCallback), (2 bytes).
    Removing stm32f4xx_hal_tim_ex.o(i.HAL_TIMEx_CommutHalfCpltCallback), (2 bytes).
    Removing stm32f4xx_hal_tim_ex.o(i.HAL_TIMEx_ConfigBreakDeadTime), (328 bytes).
    Removing stm32f4xx_hal_tim_ex.o(i.HAL_TIMEx_ConfigCommutEvent), (240 bytes).
    Removing stm32f4xx_hal_tim_ex.o(i.HAL_TIMEx_ConfigCommutEvent_DMA), (272 bytes).
    Removing stm32f4xx_hal_tim_ex.o(i.HAL_TIMEx_ConfigCommutEvent_IT), (240 bytes).
    Removing stm32f4xx_hal_tim_ex.o(i.HAL_TIMEx_GetChannelNState), (152 bytes).
    Removing stm32f4xx_hal_tim_ex.o(i.HAL_TIMEx_HallSensor_DeInit), (284 bytes).
    Removing stm32f4xx_hal_tim_ex.o(i.HAL_TIMEx_HallSensor_GetState), (6 bytes).
    Removing stm32f4xx_hal_tim_ex.o(i.HAL_TIMEx_HallSensor_Init), (460 bytes).
    Removing stm32f4xx_hal_tim_ex.o(i.HAL_TIMEx_HallSensor_MspDeInit), (2 bytes).
    Removing stm32f4xx_hal_tim_ex.o(i.HAL_TIMEx_HallSensor_MspInit), (2 bytes).
    Removing stm32f4xx_hal_tim_ex.o(i.HAL_TIMEx_HallSensor_Start), (284 bytes).
    Removing stm32f4xx_hal_tim_ex.o(i.HAL_TIMEx_HallSensor_Start_DMA), (332 bytes).
    Removing stm32f4xx_hal_tim_ex.o(i.HAL_TIMEx_HallSensor_Start_IT), (292 bytes).
    Removing stm32f4xx_hal_tim_ex.o(i.HAL_TIMEx_HallSensor_Stop), (188 bytes).
    Removing stm32f4xx_hal_tim_ex.o(i.HAL_TIMEx_HallSensor_Stop_DMA), (200 bytes).
    Removing stm32f4xx_hal_tim_ex.o(i.HAL_TIMEx_HallSensor_Stop_IT), (196 bytes).
    Removing stm32f4xx_hal_tim_ex.o(i.HAL_TIMEx_OCN_Start), (304 bytes).
    Removing stm32f4xx_hal_tim_ex.o(i.HAL_TIMEx_OCN_Start_DMA), (496 bytes).
    Removing stm32f4xx_hal_tim_ex.o(i.HAL_TIMEx_OCN_Start_IT), (344 bytes).
    Removing stm32f4xx_hal_tim_ex.o(i.HAL_TIMEx_OCN_Stop), (220 bytes).
    Removing stm32f4xx_hal_tim_ex.o(i.HAL_TIMEx_OCN_Stop_DMA), (280 bytes).
    Removing stm32f4xx_hal_tim_ex.o(i.HAL_TIMEx_OCN_Stop_IT), (280 bytes).
    Removing stm32f4xx_hal_tim_ex.o(i.HAL_TIMEx_OnePulseN_Start), (228 bytes).
    Removing stm32f4xx_hal_tim_ex.o(i.HAL_TIMEx_OnePulseN_Start_IT), (248 bytes).
    Removing stm32f4xx_hal_tim_ex.o(i.HAL_TIMEx_OnePulseN_Stop), (216 bytes).
    Removing stm32f4xx_hal_tim_ex.o(i.HAL_TIMEx_OnePulseN_Stop_IT), (236 bytes).
    Removing stm32f4xx_hal_tim_ex.o(i.HAL_TIMEx_PWMN_Start), (304 bytes).
    Removing stm32f4xx_hal_tim_ex.o(i.HAL_TIMEx_PWMN_Start_DMA), (496 bytes).
    Removing stm32f4xx_hal_tim_ex.o(i.HAL_TIMEx_PWMN_Start_IT), (344 bytes).
    Removing stm32f4xx_hal_tim_ex.o(i.HAL_TIMEx_PWMN_Stop), (220 bytes).
    Removing stm32f4xx_hal_tim_ex.o(i.HAL_TIMEx_PWMN_Stop_DMA), (280 bytes).
    Removing stm32f4xx_hal_tim_ex.o(i.HAL_TIMEx_PWMN_Stop_IT), (280 bytes).
    Removing stm32f4xx_hal_tim_ex.o(i.HAL_TIMEx_RemapConfig), (168 bytes).
    Removing stm32f4xx_hal_tim_ex.o(i.TIMEx_DMACommutationCplt), (16 bytes).
    Removing stm32f4xx_hal_tim_ex.o(i.TIMEx_DMACommutationHalfCplt), (16 bytes).
    Removing stm32f4xx_hal_tim_ex.o(i.TIM_CCxNChannelCmd), (26 bytes).
    Removing stm32f4xx_hal_tim_ex.o(i.TIM_DMADelayPulseNCplt), (94 bytes).
    Removing stm32f4xx_hal_tim_ex.o(i.TIM_DMAErrorCCxN), (62 bytes).
    Removing stm32f4xx_hal_uart.o(.rev16_text), (4 bytes).
    Removing stm32f4xx_hal_uart.o(.revsh_text), (4 bytes).
    Removing stm32f4xx_hal_uart.o(.rrx_text), (6 bytes).
    Removing stm32f4xx_hal_uart.o(i.HAL_HalfDuplex_EnableReceiver), (50 bytes).
    Removing stm32f4xx_hal_uart.o(i.HAL_HalfDuplex_EnableTransmitter), (50 bytes).
    Removing stm32f4xx_hal_uart.o(i.HAL_HalfDuplex_Init), (280 bytes).
    Removing stm32f4xx_hal_uart.o(i.HAL_LIN_Init), (304 bytes).
    Removing stm32f4xx_hal_uart.o(i.HAL_LIN_SendBreak), (196 bytes).
    Removing stm32f4xx_hal_uart.o(i.HAL_MultiProcessor_EnterMuteMode), (196 bytes).
    Removing stm32f4xx_hal_uart.o(i.HAL_MultiProcessor_ExitMuteMode), (196 bytes).
    Removing stm32f4xx_hal_uart.o(i.HAL_MultiProcessor_Init), (348 bytes).
    Removing stm32f4xx_hal_uart.o(i.HAL_UARTEx_ReceiveToIdle), (254 bytes).
    Removing stm32f4xx_hal_uart.o(i.HAL_UARTEx_ReceiveToIdle_DMA), (86 bytes).
    Removing stm32f4xx_hal_uart.o(i.HAL_UARTEx_ReceiveToIdle_IT), (86 bytes).
    Removing stm32f4xx_hal_uart.o(i.HAL_UARTEx_RxEventCallback), (2 bytes).
    Removing stm32f4xx_hal_uart.o(i.HAL_UART_Abort), (210 bytes).
    Removing stm32f4xx_hal_uart.o(i.HAL_UART_AbortCpltCallback), (2 bytes).
    Removing stm32f4xx_hal_uart.o(i.HAL_UART_AbortReceive), (148 bytes).
    Removing stm32f4xx_hal_uart.o(i.HAL_UART_AbortReceiveCpltCallback), (2 bytes).
    Removing stm32f4xx_hal_uart.o(i.HAL_UART_AbortReceive_IT), (152 bytes).
    Removing stm32f4xx_hal_uart.o(i.HAL_UART_AbortTransmit), (98 bytes).
    Removing stm32f4xx_hal_uart.o(i.HAL_UART_AbortTransmitCpltCallback), (2 bytes).
    Removing stm32f4xx_hal_uart.o(i.HAL_UART_AbortTransmit_IT), (104 bytes).
    Removing stm32f4xx_hal_uart.o(i.HAL_UART_Abort_IT), (244 bytes).
    Removing stm32f4xx_hal_uart.o(i.HAL_UART_DMAPause), (146 bytes).
    Removing stm32f4xx_hal_uart.o(i.HAL_UART_DMAResume), (140 bytes).
    Removing stm32f4xx_hal_uart.o(i.HAL_UART_DMAStop), (112 bytes).
    Removing stm32f4xx_hal_uart.o(i.HAL_UART_DeInit), (184 bytes).
    Removing stm32f4xx_hal_uart.o(i.HAL_UART_ErrorCallback), (2 bytes).
    Removing stm32f4xx_hal_uart.o(i.HAL_UART_GetError), (4 bytes).
    Removing stm32f4xx_hal_uart.o(i.HAL_UART_GetState), (10 bytes).
    Removing stm32f4xx_hal_uart.o(i.HAL_UART_IRQHandler), (616 bytes).
    Removing stm32f4xx_hal_uart.o(i.HAL_UART_MspDeInit), (2 bytes).
    Removing stm32f4xx_hal_uart.o(i.HAL_UART_MspInit), (2 bytes).
    Removing stm32f4xx_hal_uart.o(i.HAL_UART_Receive), (192 bytes).
    Removing stm32f4xx_hal_uart.o(i.HAL_UART_Receive_DMA), (42 bytes).
    Removing stm32f4xx_hal_uart.o(i.HAL_UART_Receive_IT), (42 bytes).
    Removing stm32f4xx_hal_uart.o(i.HAL_UART_RxCpltCallback), (2 bytes).
    Removing stm32f4xx_hal_uart.o(i.HAL_UART_RxHalfCpltCallback), (2 bytes).
    Removing stm32f4xx_hal_uart.o(i.HAL_UART_Transmit), (178 bytes).
    Removing stm32f4xx_hal_uart.o(i.HAL_UART_Transmit_DMA), (140 bytes).
    Removing stm32f4xx_hal_uart.o(i.HAL_UART_Transmit_IT), (62 bytes).
    Removing stm32f4xx_hal_uart.o(i.HAL_UART_TxCpltCallback), (2 bytes).
    Removing stm32f4xx_hal_uart.o(i.HAL_UART_TxHalfCpltCallback), (2 bytes).
    Removing stm32f4xx_hal_uart.o(i.UART_DMAAbortOnError), (16 bytes).
    Removing stm32f4xx_hal_uart.o(i.UART_DMAError), (74 bytes).
    Removing stm32f4xx_hal_uart.o(i.UART_DMAReceiveCplt), (130 bytes).
    Removing stm32f4xx_hal_uart.o(i.UART_DMARxAbortCallback), (44 bytes).
    Removing stm32f4xx_hal_uart.o(i.UART_DMARxHalfCplt), (26 bytes).
    Removing stm32f4xx_hal_uart.o(i.UART_DMARxOnlyAbortCallback), (22 bytes).
    Removing stm32f4xx_hal_uart.o(i.UART_DMATransmitCplt), (66 bytes).
    Removing stm32f4xx_hal_uart.o(i.UART_DMATxAbortCallback), (44 bytes).
    Removing stm32f4xx_hal_uart.o(i.UART_DMATxHalfCplt), (10 bytes).
    Removing stm32f4xx_hal_uart.o(i.UART_DMATxOnlyAbortCallback), (20 bytes).
    Removing stm32f4xx_hal_uart.o(i.UART_EndRxTransfer), (78 bytes).
    Removing stm32f4xx_hal_uart.o(i.UART_EndTxTransfer), (28 bytes).
    Removing stm32f4xx_hal_uart.o(i.UART_Receive_IT), (192 bytes).
    Removing stm32f4xx_hal_uart.o(i.UART_Start_Receive_DMA), (148 bytes).
    Removing stm32f4xx_hal_uart.o(i.UART_Start_Receive_IT), (58 bytes).
    Removing stm32f4xx_hal_uart.o(i.UART_WaitOnFlagUntilTimeout), (120 bytes).
    Removing system_stm32f4xx.o(.rev16_text), (4 bytes).
    Removing system_stm32f4xx.o(.revsh_text), (4 bytes).
    Removing system_stm32f4xx.o(.rrx_text), (6 bytes).
    Removing system_stm32f4xx.o(i.SystemCoreClockUpdate), (120 bytes).
    Removing delay.o(.rev16_text), (4 bytes).
    Removing delay.o(.revsh_text), (4 bytes).
    Removing delay.o(.rrx_text), (6 bytes).
    Removing pca9685.o(.rev16_text), (4 bytes).
    Removing pca9685.o(.revsh_text), (4 bytes).
    Removing pca9685.o(.rrx_text), (6 bytes).
    Removing myiic.o(.rev16_text), (4 bytes).
    Removing myiic.o(.revsh_text), (4 bytes).
    Removing myiic.o(.rrx_text), (6 bytes).
    Removing ps2.o(.rev16_text), (4 bytes).
    Removing ps2.o(.revsh_text), (4 bytes).
    Removing ps2.o(.rrx_text), (6 bytes).
    Removing ps2.o(i.PS2_CLK), (24 bytes).
    Removing ps2.o(i.PS2_CS), (24 bytes).
    Removing ps2.o(i.PS2_DO), (24 bytes).
    Removing ps2.o(i.PS2_Decode), (216 bytes).
    Removing ps2.o(i.PS2_Delay), (12 bytes).
    Removing ps2.o(i.PS2_ReadWrite_Byte), (72 bytes).
    Removing ps2.o(i.PS2_Read_DI), (12 bytes).
    Removing ps2.o(i.PS2_Read_Data), (60 bytes).
    Removing ps2.o(.bss), (30 bytes).
    Removing key.o(.rev16_text), (4 bytes).
    Removing key.o(.revsh_text), (4 bytes).
    Removing key.o(.rrx_text), (6 bytes).
    Removing key.o(i.KEY_COL_MOD_IN), (56 bytes).
    Removing key.o(i.KEY_COL_MOD_OUT), (56 bytes).
    Removing key.o(i.KEY_COL_OUT), (24 bytes).
    Removing key.o(i.KEY_COL_RED), (84 bytes).
    Removing key.o(i.KEY_ROW_MOD_IN), (60 bytes).
    Removing key.o(i.KEY_ROW_MOD_OUT), (60 bytes).
    Removing key.o(i.KEY_ROW_OUT), (28 bytes).
    Removing key.o(i.KEY_ROW_RED), (84 bytes).
    Removing key.o(i.KEY_SCAN), (30 bytes).
    Removing oled.o(.rev16_text), (4 bytes).
    Removing oled.o(.revsh_text), (4 bytes).
    Removing oled.o(.rrx_text), (6 bytes).
    Removing oled.o(i.OLED_ColorTurn), (24 bytes).
    Removing oled.o(i.OLED_DisPlay_Off), (30 bytes).
    Removing oled.o(i.OLED_DisPlay_On), (30 bytes).
    Removing oled.o(i.OLED_DisplayTurn), (44 bytes).
    Removing oled.o(i.OLED_DrawCircle), (196 bytes).
    Removing oled.o(i.OLED_DrawLine), (156 bytes).
    Removing oled.o(i.OLED_ScrollDisplay), (152 bytes).
    Removing oled.o(i.OLED_ShowPicture), (156 bytes).
    Removing oled.o(i.OLED_ShowString), (60 bytes).
    Removing dflti.o(.text), (34 bytes).
    Removing dfixi.o(.text), (62 bytes).
    Removing drnd.o(.text), (136 bytes).
    Removing dfixul.o(.text), (48 bytes).
    Removing cdcmple.o(.text), (48 bytes).

514 unused section(s) (total 67472 bytes) removed from the image.

==============================================================================

Image Symbol Table

    Local Symbols

    Symbol Name                              Value     Ov Type        Size  Object(Section)

    ../Core/Src/adc.c                        0x00000000   Number         0  adc.o ABSOLUTE
    ../Core/Src/gpio.c                       0x00000000   Number         0  gpio.o ABSOLUTE
    ../Core/Src/main.c                       0x00000000   Number         0  main.o ABSOLUTE
    ../Core/Src/stm32f4xx_hal_msp.c          0x00000000   Number         0  stm32f4xx_hal_msp.o ABSOLUTE
    ../Core/Src/stm32f4xx_it.c               0x00000000   Number         0  stm32f4xx_it.o ABSOLUTE
    ../Core/Src/system_stm32f4xx.c           0x00000000   Number         0  system_stm32f4xx.o ABSOLUTE
    ../Core/Src/tim.c                        0x00000000   Number         0  tim.o ABSOLUTE
    ../Core/Src/usart.c                      0x00000000   Number         0  usart.o ABSOLUTE
    ../Drivers/STM32F4xx_HAL_Driver/Src/stm32f4xx_hal.c 0x00000000   Number         0  stm32f4xx_hal.o ABSOLUTE
    ../Drivers/STM32F4xx_HAL_Driver/Src/stm32f4xx_hal_adc.c 0x00000000   Number         0  stm32f4xx_hal_adc.o ABSOLUTE
    ../Drivers/STM32F4xx_HAL_Driver/Src/stm32f4xx_hal_adc_ex.c 0x00000000   Number         0  stm32f4xx_hal_adc_ex.o ABSOLUTE
    ../Drivers/STM32F4xx_HAL_Driver/Src/stm32f4xx_hal_cortex.c 0x00000000   Number         0  stm32f4xx_hal_cortex.o ABSOLUTE
    ../Drivers/STM32F4xx_HAL_Driver/Src/stm32f4xx_hal_dma.c 0x00000000   Number         0  stm32f4xx_hal_dma.o ABSOLUTE
    ../Drivers/STM32F4xx_HAL_Driver/Src/stm32f4xx_hal_dma_ex.c 0x00000000   Number         0  stm32f4xx_hal_dma_ex.o ABSOLUTE
    ../Drivers/STM32F4xx_HAL_Driver/Src/stm32f4xx_hal_exti.c 0x00000000   Number         0  stm32f4xx_hal_exti.o ABSOLUTE
    ../Drivers/STM32F4xx_HAL_Driver/Src/stm32f4xx_hal_flash.c 0x00000000   Number         0  stm32f4xx_hal_flash.o ABSOLUTE
    ../Drivers/STM32F4xx_HAL_Driver/Src/stm32f4xx_hal_flash_ex.c 0x00000000   Number         0  stm32f4xx_hal_flash_ex.o ABSOLUTE
    ../Drivers/STM32F4xx_HAL_Driver/Src/stm32f4xx_hal_flash_ramfunc.c 0x00000000   Number         0  stm32f4xx_hal_flash_ramfunc.o ABSOLUTE
    ../Drivers/STM32F4xx_HAL_Driver/Src/stm32f4xx_hal_gpio.c 0x00000000   Number         0  stm32f4xx_hal_gpio.o ABSOLUTE
    ../Drivers/STM32F4xx_HAL_Driver/Src/stm32f4xx_hal_pwr.c 0x00000000   Number         0  stm32f4xx_hal_pwr.o ABSOLUTE
    ../Drivers/STM32F4xx_HAL_Driver/Src/stm32f4xx_hal_pwr_ex.c 0x00000000   Number         0  stm32f4xx_hal_pwr_ex.o ABSOLUTE
    ../Drivers/STM32F4xx_HAL_Driver/Src/stm32f4xx_hal_rcc.c 0x00000000   Number         0  stm32f4xx_hal_rcc.o ABSOLUTE
    ../Drivers/STM32F4xx_HAL_Driver/Src/stm32f4xx_hal_rcc_ex.c 0x00000000   Number         0  stm32f4xx_hal_rcc_ex.o ABSOLUTE
    ../Drivers/STM32F4xx_HAL_Driver/Src/stm32f4xx_hal_tim.c 0x00000000   Number         0  stm32f4xx_hal_tim.o ABSOLUTE
    ../Drivers/STM32F4xx_HAL_Driver/Src/stm32f4xx_hal_tim_ex.c 0x00000000   Number         0  stm32f4xx_hal_tim_ex.o ABSOLUTE
    ../Drivers/STM32F4xx_HAL_Driver/Src/stm32f4xx_hal_uart.c 0x00000000   Number         0  stm32f4xx_hal_uart.o ABSOLUTE
    ../Drivers/STM32F4xx_HAL_Driver/Src/stm32f4xx_ll_adc.c 0x00000000   Number         0  stm32f4xx_ll_adc.o ABSOLUTE
    ../clib/microlib/division.c              0x00000000   Number         0  uldiv.o ABSOLUTE
    ../clib/microlib/division.c              0x00000000   Number         0  uidiv.o ABSOLUTE
    ../clib/microlib/errno.c                 0x00000000   Number         0  errno.o ABSOLUTE
    ../clib/microlib/init/entry.s            0x00000000   Number         0  entry10b.o ABSOLUTE
    ../clib/microlib/init/entry.s            0x00000000   Number         0  entry10a.o ABSOLUTE
    ../clib/microlib/init/entry.s            0x00000000   Number         0  entry9a.o ABSOLUTE
    ../clib/microlib/init/entry.s            0x00000000   Number         0  entry11a.o ABSOLUTE
    ../clib/microlib/init/entry.s            0x00000000   Number         0  entry9b.o ABSOLUTE
    ../clib/microlib/init/entry.s            0x00000000   Number         0  entry8b.o ABSOLUTE
    ../clib/microlib/init/entry.s            0x00000000   Number         0  entry8a.o ABSOLUTE
    ../clib/microlib/init/entry.s            0x00000000   Number         0  entry7b.o ABSOLUTE
    ../clib/microlib/init/entry.s            0x00000000   Number         0  entry12a.o ABSOLUTE
    ../clib/microlib/init/entry.s            0x00000000   Number         0  entry7a.o ABSOLUTE
    ../clib/microlib/init/entry.s            0x00000000   Number         0  entry5.o ABSOLUTE
    ../clib/microlib/init/entry.s            0x00000000   Number         0  entry11b.o ABSOLUTE
    ../clib/microlib/init/entry.s            0x00000000   Number         0  entry12b.o ABSOLUTE
    ../clib/microlib/init/entry.s            0x00000000   Number         0  entry.o ABSOLUTE
    ../clib/microlib/init/entry.s            0x00000000   Number         0  entry2.o ABSOLUTE
    ../clib/microlib/longlong.c              0x00000000   Number         0  llshl.o ABSOLUTE
    ../clib/microlib/longlong.c              0x00000000   Number         0  llushr.o ABSOLUTE
    ../clib/microlib/longlong.c              0x00000000   Number         0  llsshr.o ABSOLUTE
    ../clib/microlib/printf/printf.c         0x00000000   Number         0  printf0.o ABSOLUTE
    ../clib/microlib/printf/printf.c         0x00000000   Number         0  printfb.o ABSOLUTE
    ../clib/microlib/printf/printf.c         0x00000000   Number         0  printf4.o ABSOLUTE
    ../clib/microlib/printf/printf.c         0x00000000   Number         0  printf8.o ABSOLUTE
    ../clib/microlib/printf/printf.c         0x00000000   Number         0  printf7.o ABSOLUTE
    ../clib/microlib/printf/printf.c         0x00000000   Number         0  printf3.o ABSOLUTE
    ../clib/microlib/printf/printf.c         0x00000000   Number         0  printfa.o ABSOLUTE
    ../clib/microlib/printf/printf.c         0x00000000   Number         0  printf6.o ABSOLUTE
    ../clib/microlib/printf/printf.c         0x00000000   Number         0  printf5.o ABSOLUTE
    ../clib/microlib/printf/printf.c         0x00000000   Number         0  printf2.o ABSOLUTE
    ../clib/microlib/printf/printf.c         0x00000000   Number         0  printf1.o ABSOLUTE
    ../clib/microlib/printf/stubs.s          0x00000000   Number         0  stubs.o ABSOLUTE
    ../clib/microlib/stdio/streams.c         0x00000000   Number         0  stdout.o ABSOLUTE
    ../clib/microlib/string/memset.c         0x00000000   Number         0  memseta.o ABSOLUTE
    ../clib/microlib/stubs.s                 0x00000000   Number         0  iusefp.o ABSOLUTE
    ../fplib/microlib/d2f.c                  0x00000000   Number         0  d2f.o ABSOLUTE
    ../fplib/microlib/f2d.c                  0x00000000   Number         0  f2d.o ABSOLUTE
    ../fplib/microlib/fpadd.c                0x00000000   Number         0  dadd.o ABSOLUTE
    ../fplib/microlib/fpdiv.c                0x00000000   Number         0  ddiv.o ABSOLUTE
    ../fplib/microlib/fpepilogue.c           0x00000000   Number         0  depilogue.o ABSOLUTE
    ../fplib/microlib/fpepilogue.c           0x00000000   Number         0  fepilogue.o ABSOLUTE
    ../fplib/microlib/fpfix.c                0x00000000   Number         0  dfixul.o ABSOLUTE
    ../fplib/microlib/fpfix.c                0x00000000   Number         0  dfixui.o ABSOLUTE
    ../fplib/microlib/fpfix.c                0x00000000   Number         0  dfixi.o ABSOLUTE
    ../fplib/microlib/fpflt.c                0x00000000   Number         0  dfltui.o ABSOLUTE
    ../fplib/microlib/fpflt.c                0x00000000   Number         0  dflti.o ABSOLUTE
    ../fplib/microlib/fpmul.c                0x00000000   Number         0  dmul.o ABSOLUTE
    ../fplib/microlib/fprnd.c                0x00000000   Number         0  drnd.o ABSOLUTE
    ../mathlib/acosf.c                       0x00000000   Number         0  acosf.o ABSOLUTE
    ../mathlib/acosf.c                       0x00000000   Number         0  acosf_x.o ABSOLUTE
    ../mathlib/atan2f.c                      0x00000000   Number         0  atan2f.o ABSOLUTE
    ../mathlib/atan2f.c                      0x00000000   Number         0  atan2f_x.o ABSOLUTE
    ../mathlib/cosf.c                        0x00000000   Number         0  cosf.o ABSOLUTE
    ../mathlib/cosf.c                        0x00000000   Number         0  cosf_x.o ABSOLUTE
    ../mathlib/floor.c                       0x00000000   Number         0  floor.o ABSOLUTE
    ../mathlib/fpclassifyf.c                 0x00000000   Number         0  fpclassifyf.o ABSOLUTE
    ../mathlib/funder.c                      0x00000000   Number         0  funder.o ABSOLUTE
    ../mathlib/round.c                       0x00000000   Number         0  round.o ABSOLUTE
    ../mathlib/rredf.c                       0x00000000   Number         0  rredf.o ABSOLUTE
    ../mathlib/sinf.c                        0x00000000   Number         0  sinf_x.o ABSOLUTE
    ../mathlib/sinf.c                        0x00000000   Number         0  sinf.o ABSOLUTE
    ../mathlib/sqrtf.c                       0x00000000   Number         0  sqrtf.o ABSOLUTE
    ../mathlib/sqrtf.c                       0x00000000   Number         0  sqrtf_x.o ABSOLUTE
    ..\Core\Src\adc.c                        0x00000000   Number         0  adc.o ABSOLUTE
    ..\Core\Src\gpio.c                       0x00000000   Number         0  gpio.o ABSOLUTE
    ..\Core\Src\main.c                       0x00000000   Number         0  main.o ABSOLUTE
    ..\Core\Src\stm32f4xx_hal_msp.c          0x00000000   Number         0  stm32f4xx_hal_msp.o ABSOLUTE
    ..\Core\Src\stm32f4xx_it.c               0x00000000   Number         0  stm32f4xx_it.o ABSOLUTE
    ..\Core\Src\system_stm32f4xx.c           0x00000000   Number         0  system_stm32f4xx.o ABSOLUTE
    ..\Core\Src\tim.c                        0x00000000   Number         0  tim.o ABSOLUTE
    ..\Core\Src\usart.c                      0x00000000   Number         0  usart.o ABSOLUTE
    ..\Drivers\STM32F4xx_HAL_Driver\Src\stm32f4xx_hal.c 0x00000000   Number         0  stm32f4xx_hal.o ABSOLUTE
    ..\Drivers\STM32F4xx_HAL_Driver\Src\stm32f4xx_hal_adc.c 0x00000000   Number         0  stm32f4xx_hal_adc.o ABSOLUTE
    ..\Drivers\STM32F4xx_HAL_Driver\Src\stm32f4xx_hal_adc_ex.c 0x00000000   Number         0  stm32f4xx_hal_adc_ex.o ABSOLUTE
    ..\Drivers\STM32F4xx_HAL_Driver\Src\stm32f4xx_hal_cortex.c 0x00000000   Number         0  stm32f4xx_hal_cortex.o ABSOLUTE
    ..\Drivers\STM32F4xx_HAL_Driver\Src\stm32f4xx_hal_dma.c 0x00000000   Number         0  stm32f4xx_hal_dma.o ABSOLUTE
    ..\Drivers\STM32F4xx_HAL_Driver\Src\stm32f4xx_hal_dma_ex.c 0x00000000   Number         0  stm32f4xx_hal_dma_ex.o ABSOLUTE
    ..\Drivers\STM32F4xx_HAL_Driver\Src\stm32f4xx_hal_exti.c 0x00000000   Number         0  stm32f4xx_hal_exti.o ABSOLUTE
    ..\Drivers\STM32F4xx_HAL_Driver\Src\stm32f4xx_hal_flash.c 0x00000000   Number         0  stm32f4xx_hal_flash.o ABSOLUTE
    ..\Drivers\STM32F4xx_HAL_Driver\Src\stm32f4xx_hal_flash_ex.c 0x00000000   Number         0  stm32f4xx_hal_flash_ex.o ABSOLUTE
    ..\Drivers\STM32F4xx_HAL_Driver\Src\stm32f4xx_hal_flash_ramfunc.c 0x00000000   Number         0  stm32f4xx_hal_flash_ramfunc.o ABSOLUTE
    ..\Drivers\STM32F4xx_HAL_Driver\Src\stm32f4xx_hal_gpio.c 0x00000000   Number         0  stm32f4xx_hal_gpio.o ABSOLUTE
    ..\Drivers\STM32F4xx_HAL_Driver\Src\stm32f4xx_hal_pwr.c 0x00000000   Number         0  stm32f4xx_hal_pwr.o ABSOLUTE
    ..\Drivers\STM32F4xx_HAL_Driver\Src\stm32f4xx_hal_pwr_ex.c 0x00000000   Number         0  stm32f4xx_hal_pwr_ex.o ABSOLUTE
    ..\Drivers\STM32F4xx_HAL_Driver\Src\stm32f4xx_hal_rcc.c 0x00000000   Number         0  stm32f4xx_hal_rcc.o ABSOLUTE
    ..\Drivers\STM32F4xx_HAL_Driver\Src\stm32f4xx_hal_rcc_ex.c 0x00000000   Number         0  stm32f4xx_hal_rcc_ex.o ABSOLUTE
    ..\Drivers\STM32F4xx_HAL_Driver\Src\stm32f4xx_hal_tim.c 0x00000000   Number         0  stm32f4xx_hal_tim.o ABSOLUTE
    ..\Drivers\STM32F4xx_HAL_Driver\Src\stm32f4xx_hal_tim_ex.c 0x00000000   Number         0  stm32f4xx_hal_tim_ex.o ABSOLUTE
    ..\Drivers\STM32F4xx_HAL_Driver\Src\stm32f4xx_hal_uart.c 0x00000000   Number         0  stm32f4xx_hal_uart.o ABSOLUTE
    ..\USER\IIC\myiic.c                      0x00000000   Number         0  myiic.o ABSOLUTE
    ..\USER\OLED\oled.c                      0x00000000   Number         0  oled.o ABSOLUTE
    ..\USER\delay\delay.c                    0x00000000   Number         0  delay.o ABSOLUTE
    ..\USER\key\key.c                        0x00000000   Number         0  key.o ABSOLUTE
    ..\USER\pca9685\pca9685.c                0x00000000   Number         0  pca9685.o ABSOLUTE
    ..\USER\ps2\ps2.c                        0x00000000   Number         0  ps2.o ABSOLUTE
    ..\\USER\\IIC\\myiic.c                   0x00000000   Number         0  myiic.o ABSOLUTE
    ..\\USER\\OLED\\oled.c                   0x00000000   Number         0  oled.o ABSOLUTE
    ..\\USER\\delay\\delay.c                 0x00000000   Number         0  delay.o ABSOLUTE
    ..\\USER\\key\\key.c                     0x00000000   Number         0  key.o ABSOLUTE
    ..\\USER\\pca9685\\pca9685.c             0x00000000   Number         0  pca9685.o ABSOLUTE
    ..\\USER\\ps2\\ps2.c                     0x00000000   Number         0  ps2.o ABSOLUTE
    cdcmple.s                                0x00000000   Number         0  cdcmple.o ABSOLUTE
    cdrcmple.s                               0x00000000   Number         0  cdrcmple.o ABSOLUTE
    dc.s                                     0x00000000   Number         0  dc.o ABSOLUTE
    handlers.s                               0x00000000   Number         0  handlers.o ABSOLUTE
    init.s                                   0x00000000   Number         0  init.o ABSOLUTE
    startup_stm32f407xx.s                    0x00000000   Number         0  startup_stm32f407xx.o ABSOLUTE
    RESET                                    0x08000000   Section      392  startup_stm32f407xx.o(RESET)
    .ARM.Collect$$$$00000000                 0x08000188   Section        0  entry.o(.ARM.Collect$$$$00000000)
    .ARM.Collect$$$$00000001                 0x08000188   Section        4  entry2.o(.ARM.Collect$$$$00000001)
    .ARM.Collect$$$$00000004                 0x0800018c   Section        4  entry5.o(.ARM.Collect$$$$00000004)
    .ARM.Collect$$$$00000008                 0x08000190   Section        0  entry7b.o(.ARM.Collect$$$$00000008)
    .ARM.Collect$$$$0000000A                 0x08000190   Section        0  entry8b.o(.ARM.Collect$$$$0000000A)
    .ARM.Collect$$$$0000000B                 0x08000190   Section        8  entry9a.o(.ARM.Collect$$$$0000000B)
    .ARM.Collect$$$$0000000E                 0x08000198   Section        4  entry12b.o(.ARM.Collect$$$$0000000E)
    .ARM.Collect$$$$0000000F                 0x0800019c   Section        0  entry10a.o(.ARM.Collect$$$$0000000F)
    .ARM.Collect$$$$00000011                 0x0800019c   Section        0  entry11a.o(.ARM.Collect$$$$00000011)
    .ARM.Collect$$$$00002712                 0x0800019c   Section        4  entry2.o(.ARM.Collect$$$$00002712)
    __lit__00000000                          0x0800019c   Data           4  entry2.o(.ARM.Collect$$$$00002712)
    .text                                    0x080001a0   Section       36  startup_stm32f407xx.o(.text)
    $v0                                      0x080001a0   Number         0  startup_stm32f407xx.o(.text)
    .text                                    0x080001c4   Section        0  uldiv.o(.text)
    .text                                    0x08000226   Section        0  memseta.o(.text)
    .text                                    0x0800024a   Section        0  dadd.o(.text)
    .text                                    0x08000398   Section        0  dmul.o(.text)
    .text                                    0x0800047c   Section        0  ddiv.o(.text)
    .text                                    0x0800055a   Section        0  dfltui.o(.text)
    .text                                    0x08000574   Section        0  dfixui.o(.text)
    .text                                    0x080005a6   Section        0  f2d.o(.text)
    .text                                    0x080005cc   Section        0  d2f.o(.text)
    .text                                    0x08000604   Section        0  llshl.o(.text)
    .text                                    0x08000622   Section        0  llushr.o(.text)
    .text                                    0x08000642   Section        0  llsshr.o(.text)
    .text                                    0x08000666   Section        0  fepilogue.o(.text)
    .text                                    0x08000666   Section        0  iusefp.o(.text)
    .text                                    0x080006d4   Section        0  depilogue.o(.text)
    .text                                    0x08000790   Section       48  cdrcmple.o(.text)
    .text                                    0x080007c0   Section       36  init.o(.text)
    i.ADC_IRQHandler                         0x080007e4   Section        0  stm32f4xx_it.o(i.ADC_IRQHandler)
    i.ADC_Init                               0x080007f0   Section        0  stm32f4xx_hal_adc.o(i.ADC_Init)
    ADC_Init                                 0x080007f1   Thumb Code   308  stm32f4xx_hal_adc.o(i.ADC_Init)
    i.BusFault_Handler                       0x08000968   Section        0  stm32f4xx_it.o(i.BusFault_Handler)
    i.DebugMon_Handler                       0x0800096a   Section        0  stm32f4xx_it.o(i.DebugMon_Handler)
    i.Error_Handler                          0x0800096c   Section        0  main.o(i.Error_Handler)
    i.HAL_ADCEx_InjectedConvCpltCallback     0x08000970   Section        0  stm32f4xx_hal_adc_ex.o(i.HAL_ADCEx_InjectedConvCpltCallback)
    i.HAL_ADC_ConfigChannel                  0x08000974   Section        0  stm32f4xx_hal_adc.o(i.HAL_ADC_ConfigChannel)
    i.HAL_ADC_ConvCpltCallback               0x08000b48   Section        0  main.o(i.HAL_ADC_ConvCpltCallback)
    i.HAL_ADC_ErrorCallback                  0x08000bc0   Section        0  stm32f4xx_hal_adc.o(i.HAL_ADC_ErrorCallback)
    i.HAL_ADC_GetValue                       0x08000bc2   Section        0  stm32f4xx_hal_adc.o(i.HAL_ADC_GetValue)
    i.HAL_ADC_IRQHandler                     0x08000bc8   Section        0  stm32f4xx_hal_adc.o(i.HAL_ADC_IRQHandler)
    i.HAL_ADC_Init                           0x08000d6c   Section        0  stm32f4xx_hal_adc.o(i.HAL_ADC_Init)
    i.HAL_ADC_LevelOutOfWindowCallback       0x08000f8c   Section        0  stm32f4xx_hal_adc.o(i.HAL_ADC_LevelOutOfWindowCallback)
    i.HAL_ADC_MspInit                        0x08000f90   Section        0  adc.o(i.HAL_ADC_MspInit)
    i.HAL_ADC_Start_IT                       0x08001000   Section        0  stm32f4xx_hal_adc.o(i.HAL_ADC_Start_IT)
    i.HAL_Delay                              0x08001178   Section        0  stm32f4xx_hal.o(i.HAL_Delay)
    i.HAL_GPIO_Init                          0x0800119c   Section        0  stm32f4xx_hal_gpio.o(i.HAL_GPIO_Init)
    i.HAL_GPIO_WritePin                      0x08001498   Section        0  stm32f4xx_hal_gpio.o(i.HAL_GPIO_WritePin)
    i.HAL_GetTick                            0x08001504   Section        0  stm32f4xx_hal.o(i.HAL_GetTick)
    i.HAL_IncTick                            0x08001510   Section        0  stm32f4xx_hal.o(i.HAL_IncTick)
    i.HAL_Init                               0x08001520   Section        0  stm32f4xx_hal.o(i.HAL_Init)
    i.HAL_InitTick                           0x08001554   Section        0  stm32f4xx_hal.o(i.HAL_InitTick)
    i.HAL_MspInit                            0x08001594   Section        0  stm32f4xx_hal_msp.o(i.HAL_MspInit)
    i.HAL_NVIC_EnableIRQ                     0x080015c4   Section        0  stm32f4xx_hal_cortex.o(i.HAL_NVIC_EnableIRQ)
    i.HAL_NVIC_SetPriority                   0x08001628   Section        0  stm32f4xx_hal_cortex.o(i.HAL_NVIC_SetPriority)
    i.HAL_NVIC_SetPriorityGrouping           0x080016c8   Section        0  stm32f4xx_hal_cortex.o(i.HAL_NVIC_SetPriorityGrouping)
    i.HAL_RCC_ClockConfig                    0x08001748   Section        0  stm32f4xx_hal_rcc.o(i.HAL_RCC_ClockConfig)
    i.HAL_RCC_GetPCLK1Freq                   0x08001994   Section        0  stm32f4xx_hal_rcc.o(i.HAL_RCC_GetPCLK1Freq)
    i.HAL_RCC_GetPCLK2Freq                   0x080019b4   Section        0  stm32f4xx_hal_rcc.o(i.HAL_RCC_GetPCLK2Freq)
    i.HAL_RCC_GetSysClockFreq                0x080019d4   Section        0  stm32f4xx_hal_rcc.o(i.HAL_RCC_GetSysClockFreq)
    i.HAL_RCC_OscConfig                      0x08001a34   Section        0  stm32f4xx_hal_rcc.o(i.HAL_RCC_OscConfig)
    i.HAL_SYSTICK_Config                     0x08001edc   Section        0  stm32f4xx_hal_cortex.o(i.HAL_SYSTICK_Config)
    i.HAL_TIMEx_MasterConfigSynchronization  0x08001f04   Section        0  stm32f4xx_hal_tim_ex.o(i.HAL_TIMEx_MasterConfigSynchronization)
    i.HAL_TIM_Base_Init                      0x08002054   Section        0  stm32f4xx_hal_tim.o(i.HAL_TIM_Base_Init)
    i.HAL_TIM_Base_MspInit                   0x080021c4   Section        0  tim.o(i.HAL_TIM_Base_MspInit)
    i.HAL_TIM_Base_Start                     0x080021e8   Section        0  stm32f4xx_hal_tim.o(i.HAL_TIM_Base_Start)
    i.HAL_TIM_ConfigClockSource              0x08002310   Section        0  stm32f4xx_hal_tim.o(i.HAL_TIM_ConfigClockSource)
    i.HAL_UART_Init                          0x08002720   Section        0  stm32f4xx_hal_uart.o(i.HAL_UART_Init)
    i.HAL_UART_MspInit                       0x0800286c   Section        0  usart.o(i.HAL_UART_MspInit)
    i.HardFault_Handler                      0x080028d8   Section        0  stm32f4xx_it.o(i.HardFault_Handler)
    i.I2C_Start                              0x080028dc   Section        0  oled.o(i.I2C_Start)
    i.I2C_Stop                               0x08002924   Section        0  oled.o(i.I2C_Stop)
    i.I2C_WaitAck                            0x08002958   Section        0  oled.o(i.I2C_WaitAck)
    i.IIC_Ack                                0x08002994   Section        0  myiic.o(i.IIC_Ack)
    i.IIC_Init                               0x080029d4   Section        0  myiic.o(i.IIC_Init)
    i.IIC_NAck                               0x08002a1c   Section        0  myiic.o(i.IIC_NAck)
    i.IIC_Read_Byte                          0x08002a5c   Section        0  myiic.o(i.IIC_Read_Byte)
    i.IIC_Send_Byte                          0x08002ac4   Section        0  myiic.o(i.IIC_Send_Byte)
    i.IIC_Start                              0x08002b24   Section        0  myiic.o(i.IIC_Start)
    i.IIC_Stop                               0x08002b64   Section        0  myiic.o(i.IIC_Stop)
    i.IIC_Wait_Ack                           0x08002ba8   Section        0  myiic.o(i.IIC_Wait_Ack)
    i.IIC_delay                              0x08002bfc   Section        0  oled.o(i.IIC_delay)
    i.MX_ADC1_Init                           0x08002c08   Section        0  adc.o(i.MX_ADC1_Init)
    i.MX_GPIO_Init                           0x08002c6c   Section        0  gpio.o(i.MX_GPIO_Init)
    i.MX_TIM2_Init                           0x08002dd4   Section        0  tim.o(i.MX_TIM2_Init)
    i.MX_USART1_UART_Init                    0x08002e40   Section        0  usart.o(i.MX_USART1_UART_Init)
    i.MemManage_Handler                      0x08002e78   Section        0  stm32f4xx_it.o(i.MemManage_Handler)
    i.NMI_Handler                            0x08002e7a   Section        0  stm32f4xx_it.o(i.NMI_Handler)
    i.OLED_Clear                             0x08002e7c   Section        0  oled.o(i.OLED_Clear)
    i.OLED_DrawPoint                         0x08002ea8   Section        0  oled.o(i.OLED_DrawPoint)
    i.OLED_Init                              0x08002ed4   Section        0  oled.o(i.OLED_Init)
    i.OLED_Pow                               0x08003014   Section        0  oled.o(i.OLED_Pow)
    i.OLED_Refresh                           0x08003024   Section        0  oled.o(i.OLED_Refresh)
    i.OLED_ShowChar                          0x0800308c   Section        0  oled.o(i.OLED_ShowChar)
    i.OLED_ShowChinese                       0x08003170   Section        0  oled.o(i.OLED_ShowChinese)
    i.OLED_ShowNum                           0x08003244   Section        0  oled.o(i.OLED_ShowNum)
    i.OLED_WR_Byte                           0x080032b2   Section        0  oled.o(i.OLED_WR_Byte)
    i.PCA9685_read                           0x080032e8   Section        0  pca9685.o(i.PCA9685_read)
    i.PCA9685_write                          0x08003322   Section        0  pca9685.o(i.PCA9685_write)
    i.PendSV_Handler                         0x08003352   Section        0  stm32f4xx_it.o(i.PendSV_Handler)
    i.SVC_Handler                            0x08003354   Section        0  stm32f4xx_it.o(i.SVC_Handler)
    i.Send_Byte                              0x08003358   Section        0  oled.o(i.Send_Byte)
    i.SysTick_Handler                        0x080033b0   Section        0  stm32f4xx_it.o(i.SysTick_Handler)
    i.SystemClock_Config                     0x080033b4   Section        0  main.o(i.SystemClock_Config)
    i.SystemInit                             0x08003448   Section        0  system_stm32f4xx.o(i.SystemInit)
    i.TIM_Base_SetConfig                     0x08003458   Section        0  stm32f4xx_hal_tim.o(i.TIM_Base_SetConfig)
    i.TIM_ETR_SetConfig                      0x08003520   Section        0  stm32f4xx_hal_tim.o(i.TIM_ETR_SetConfig)
    i.TIM_ITRx_SetConfig                     0x08003534   Section        0  stm32f4xx_hal_tim.o(i.TIM_ITRx_SetConfig)
    TIM_ITRx_SetConfig                       0x08003535   Thumb Code    16  stm32f4xx_hal_tim.o(i.TIM_ITRx_SetConfig)
    i.TIM_TI1_ConfigInputStage               0x08003544   Section        0  stm32f4xx_hal_tim.o(i.TIM_TI1_ConfigInputStage)
    TIM_TI1_ConfigInputStage                 0x08003545   Thumb Code    34  stm32f4xx_hal_tim.o(i.TIM_TI1_ConfigInputStage)
    i.TIM_TI2_ConfigInputStage               0x08003566   Section        0  stm32f4xx_hal_tim.o(i.TIM_TI2_ConfigInputStage)
    TIM_TI2_ConfigInputStage                 0x08003567   Thumb Code    36  stm32f4xx_hal_tim.o(i.TIM_TI2_ConfigInputStage)
    i.UART_SetConfig                         0x0800358c   Section        0  stm32f4xx_hal_uart.o(i.UART_SetConfig)
    UART_SetConfig                           0x0800358d   Thumb Code   344  stm32f4xx_hal_uart.o(i.UART_SetConfig)
    i.UsageFault_Handler                     0x0800372c   Section        0  stm32f4xx_it.o(i.UsageFault_Handler)
    i.__NVIC_SetPriority                     0x0800372e   Section        0  stm32f4xx_hal_cortex.o(i.__NVIC_SetPriority)
    __NVIC_SetPriority                       0x0800372f   Thumb Code    32  stm32f4xx_hal_cortex.o(i.__NVIC_SetPriority)
    i.__hardfp_floor                         0x08003750   Section        0  floor.o(i.__hardfp_floor)
    i.__scatterload_copy                     0x08003868   Section       14  handlers.o(i.__scatterload_copy)
    i.__scatterload_null                     0x08003876   Section        2  handlers.o(i.__scatterload_null)
    i.__scatterload_zeroinit                 0x08003878   Section       14  handlers.o(i.__scatterload_zeroinit)
    i.assert_failed                          0x08003886   Section        0  main.o(i.assert_failed)
    i.delay_ms                               0x08003888   Section        0  delay.o(i.delay_ms)
    i.delay_us                               0x0800388c   Section        0  delay.o(i.delay_us)
    i.joint_init                             0x0800389c   Section        0  main.o(i.joint_init)
    i.main                                   0x080038d0   Section        0  main.o(i.main)
    i.setPWM                                 0x0800398c   Section        0  pca9685.o(i.setPWM)
    i.setPWMFreq                             0x080039d0   Section        0  pca9685.o(i.setPWMFreq)
    i.setServoAngle                          0x08003a6c   Section        0  pca9685.o(i.setServoAngle)
    .constdata                               0x08003afc   Section       16  system_stm32f4xx.o(.constdata)
    .constdata                               0x08003b0c   Section        8  system_stm32f4xx.o(.constdata)
    .constdata                               0x08003b14   Section     8056  oled.o(.constdata)
    .data                                    0x20000000   Section       56  main.o(.data)
    y                                        0x20000004   Data           4  main.o(.data)
    z                                        0x20000008   Data           4  main.o(.data)
    alpha                                    0x2000000c   Data           4  main.o(.data)
    last_y                                   0x20000010   Data           4  main.o(.data)
    last_z                                   0x20000014   Data           4  main.o(.data)
    last_alpha                               0x20000018   Data           4  main.o(.data)
    .data                                    0x20000038   Section       12  stm32f4xx_hal.o(.data)
    .data                                    0x20000044   Section        4  system_stm32f4xx.o(.data)
    .bss                                     0x20000048   Section       72  adc.o(.bss)
    .bss                                     0x20000090   Section       72  tim.o(.bss)
    .bss                                     0x200000d8   Section       68  usart.o(.bss)
    .bss                                     0x2000011c   Section     1152  oled.o(.bss)
    STACK                                    0x200005a0   Section     1024  startup_stm32f407xx.o(STACK)

    Global Symbols

    Symbol Name                              Value     Ov Type        Size  Object(Section)

    BuildAttributes$$THM_ISAv4$E$P$D$K$B$S$7EM$VFPi3$EXTD16$VFPS$VFMA$PE$A:L22UL41UL21$X:L11$S22US41US21$IEEE1$IW$USESV6$~STKCKD$USESV7$~SHL$OTIME$ROPI$IEEEX$EBA8$MICROLIB$REQ8$PRES8$EABIv2 0x00000000   Number         0  anon$$obj.o ABSOLUTE
    __ARM_use_no_argv                        0x00000000   Number         0  main.o ABSOLUTE
    _printf_a                                0x00000000   Number         0  stubs.o ABSOLUTE
    _printf_c                                0x00000000   Number         0  stubs.o ABSOLUTE
    _printf_charcount                        0x00000000   Number         0  stubs.o ABSOLUTE
    _printf_d                                0x00000000   Number         0  stubs.o ABSOLUTE
    _printf_e                                0x00000000   Number         0  stubs.o ABSOLUTE
    _printf_f                                0x00000000   Number         0  stubs.o ABSOLUTE
    _printf_flags                            0x00000000   Number         0  stubs.o ABSOLUTE
    _printf_fp_dec                           0x00000000   Number         0  stubs.o ABSOLUTE
    _printf_fp_hex                           0x00000000   Number         0  stubs.o ABSOLUTE
    _printf_g                                0x00000000   Number         0  stubs.o ABSOLUTE
    _printf_i                                0x00000000   Number         0  stubs.o ABSOLUTE
    _printf_int_dec                          0x00000000   Number         0  stubs.o ABSOLUTE
    _printf_l                                0x00000000   Number         0  stubs.o ABSOLUTE
    _printf_lc                               0x00000000   Number         0  stubs.o ABSOLUTE
    _printf_ll                               0x00000000   Number         0  stubs.o ABSOLUTE
    _printf_lld                              0x00000000   Number         0  stubs.o ABSOLUTE
    _printf_lli                              0x00000000   Number         0  stubs.o ABSOLUTE
    _printf_llo                              0x00000000   Number         0  stubs.o ABSOLUTE
    _printf_llu                              0x00000000   Number         0  stubs.o ABSOLUTE
    _printf_llx                              0x00000000   Number         0  stubs.o ABSOLUTE
    _printf_longlong_dec                     0x00000000   Number         0  stubs.o ABSOLUTE
    _printf_longlong_hex                     0x00000000   Number         0  stubs.o ABSOLUTE
    _printf_longlong_oct                     0x00000000   Number         0  stubs.o ABSOLUTE
    _printf_ls                               0x00000000   Number         0  stubs.o ABSOLUTE
    _printf_mbtowc                           0x00000000   Number         0  stubs.o ABSOLUTE
    _printf_n                                0x00000000   Number         0  stubs.o ABSOLUTE
    _printf_o                                0x00000000   Number         0  stubs.o ABSOLUTE
    _printf_p                                0x00000000   Number         0  stubs.o ABSOLUTE
    _printf_percent                          0x00000000   Number         0  stubs.o ABSOLUTE
    _printf_pre_padding                      0x00000000   Number         0  stubs.o ABSOLUTE
    _printf_return_value                     0x00000000   Number         0  stubs.o ABSOLUTE
    _printf_s                                0x00000000   Number         0  stubs.o ABSOLUTE
    _printf_sizespec                         0x00000000   Number         0  stubs.o ABSOLUTE
    _printf_str                              0x00000000   Number         0  stubs.o ABSOLUTE
    _printf_truncate_signed                  0x00000000   Number         0  stubs.o ABSOLUTE
    _printf_truncate_unsigned                0x00000000   Number         0  stubs.o ABSOLUTE
    _printf_u                                0x00000000   Number         0  stubs.o ABSOLUTE
    _printf_wc                               0x00000000   Number         0  stubs.o ABSOLUTE
    _printf_wctomb                           0x00000000   Number         0  stubs.o ABSOLUTE
    _printf_widthprec                        0x00000000   Number         0  stubs.o ABSOLUTE
    _printf_x                                0x00000000   Number         0  stubs.o ABSOLUTE
    __arm_fini_                               - Undefined Weak Reference
    __cpp_initialize__aeabi_                  - Undefined Weak Reference
    __cxa_finalize                            - Undefined Weak Reference
    __decompress                              - Undefined Weak Reference
    _clock_init                               - Undefined Weak Reference
    _microlib_exit                            - Undefined Weak Reference
    __Vectors_Size                           0x00000188   Number         0  startup_stm32f407xx.o ABSOLUTE
    __Vectors                                0x08000000   Data           4  startup_stm32f407xx.o(RESET)
    __Vectors_End                            0x08000188   Data           0  startup_stm32f407xx.o(RESET)
    __main                                   0x08000189   Thumb Code     0  entry.o(.ARM.Collect$$$$00000000)
    _main_stk                                0x08000189   Thumb Code     0  entry2.o(.ARM.Collect$$$$00000001)
    _main_scatterload                        0x0800018d   Thumb Code     0  entry5.o(.ARM.Collect$$$$00000004)
    __main_after_scatterload                 0x08000191   Thumb Code     0  entry5.o(.ARM.Collect$$$$00000004)
    _main_clock                              0x08000191   Thumb Code     0  entry7b.o(.ARM.Collect$$$$00000008)
    _main_cpp_init                           0x08000191   Thumb Code     0  entry8b.o(.ARM.Collect$$$$0000000A)
    _main_init                               0x08000191   Thumb Code     0  entry9a.o(.ARM.Collect$$$$0000000B)
    __rt_lib_shutdown_fini                   0x08000199   Thumb Code     0  entry12b.o(.ARM.Collect$$$$0000000E)
    __rt_final_cpp                           0x0800019d   Thumb Code     0  entry10a.o(.ARM.Collect$$$$0000000F)
    __rt_final_exit                          0x0800019d   Thumb Code     0  entry11a.o(.ARM.Collect$$$$00000011)
    Reset_Handler                            0x080001a1   Thumb Code     8  startup_stm32f407xx.o(.text)
    CAN1_RX0_IRQHandler                      0x080001bb   Thumb Code     0  startup_stm32f407xx.o(.text)
    CAN1_RX1_IRQHandler                      0x080001bb   Thumb Code     0  startup_stm32f407xx.o(.text)
    CAN1_SCE_IRQHandler                      0x080001bb   Thumb Code     0  startup_stm32f407xx.o(.text)
    CAN1_TX_IRQHandler                       0x080001bb   Thumb Code     0  startup_stm32f407xx.o(.text)
    CAN2_RX0_IRQHandler                      0x080001bb   Thumb Code     0  startup_stm32f407xx.o(.text)
    CAN2_RX1_IRQHandler                      0x080001bb   Thumb Code     0  startup_stm32f407xx.o(.text)
    CAN2_SCE_IRQHandler                      0x080001bb   Thumb Code     0  startup_stm32f407xx.o(.text)
    CAN2_TX_IRQHandler                       0x080001bb   Thumb Code     0  startup_stm32f407xx.o(.text)
    DCMI_IRQHandler                          0x080001bb   Thumb Code     0  startup_stm32f407xx.o(.text)
    DMA1_Stream0_IRQHandler                  0x080001bb   Thumb Code     0  startup_stm32f407xx.o(.text)
    DMA1_Stream1_IRQHandler                  0x080001bb   Thumb Code     0  startup_stm32f407xx.o(.text)
    DMA1_Stream2_IRQHandler                  0x080001bb   Thumb Code     0  startup_stm32f407xx.o(.text)
    DMA1_Stream3_IRQHandler                  0x080001bb   Thumb Code     0  startup_stm32f407xx.o(.text)
    DMA1_Stream4_IRQHandler                  0x080001bb   Thumb Code     0  startup_stm32f407xx.o(.text)
    DMA1_Stream5_IRQHandler                  0x080001bb   Thumb Code     0  startup_stm32f407xx.o(.text)
    DMA1_Stream6_IRQHandler                  0x080001bb   Thumb Code     0  startup_stm32f407xx.o(.text)
    DMA1_Stream7_IRQHandler                  0x080001bb   Thumb Code     0  startup_stm32f407xx.o(.text)
    DMA2_Stream0_IRQHandler                  0x080001bb   Thumb Code     0  startup_stm32f407xx.o(.text)
    DMA2_Stream1_IRQHandler                  0x080001bb   Thumb Code     0  startup_stm32f407xx.o(.text)
    DMA2_Stream2_IRQHandler                  0x080001bb   Thumb Code     0  startup_stm32f407xx.o(.text)
    DMA2_Stream3_IRQHandler                  0x080001bb   Thumb Code     0  startup_stm32f407xx.o(.text)
    DMA2_Stream4_IRQHandler                  0x080001bb   Thumb Code     0  startup_stm32f407xx.o(.text)
    DMA2_Stream5_IRQHandler                  0x080001bb   Thumb Code     0  startup_stm32f407xx.o(.text)
    DMA2_Stream6_IRQHandler                  0x080001bb   Thumb Code     0  startup_stm32f407xx.o(.text)
    DMA2_Stream7_IRQHandler                  0x080001bb   Thumb Code     0  startup_stm32f407xx.o(.text)
    ETH_IRQHandler                           0x080001bb   Thumb Code     0  startup_stm32f407xx.o(.text)
    ETH_WKUP_IRQHandler                      0x080001bb   Thumb Code     0  startup_stm32f407xx.o(.text)
    EXTI0_IRQHandler                         0x080001bb   Thumb Code     0  startup_stm32f407xx.o(.text)
    EXTI15_10_IRQHandler                     0x080001bb   Thumb Code     0  startup_stm32f407xx.o(.text)
    EXTI1_IRQHandler                         0x080001bb   Thumb Code     0  startup_stm32f407xx.o(.text)
    EXTI2_IRQHandler                         0x080001bb   Thumb Code     0  startup_stm32f407xx.o(.text)
    EXTI3_IRQHandler                         0x080001bb   Thumb Code     0  startup_stm32f407xx.o(.text)
    EXTI4_IRQHandler                         0x080001bb   Thumb Code     0  startup_stm32f407xx.o(.text)
    EXTI9_5_IRQHandler                       0x080001bb   Thumb Code     0  startup_stm32f407xx.o(.text)
    FLASH_IRQHandler                         0x080001bb   Thumb Code     0  startup_stm32f407xx.o(.text)
    FMC_IRQHandler                           0x080001bb   Thumb Code     0  startup_stm32f407xx.o(.text)
    FPU_IRQHandler                           0x080001bb   Thumb Code     0  startup_stm32f407xx.o(.text)
    HASH_RNG_IRQHandler                      0x080001bb   Thumb Code     0  startup_stm32f407xx.o(.text)
    I2C1_ER_IRQHandler                       0x080001bb   Thumb Code     0  startup_stm32f407xx.o(.text)
    I2C1_EV_IRQHandler                       0x080001bb   Thumb Code     0  startup_stm32f407xx.o(.text)
    I2C2_ER_IRQHandler                       0x080001bb   Thumb Code     0  startup_stm32f407xx.o(.text)
    I2C2_EV_IRQHandler                       0x080001bb   Thumb Code     0  startup_stm32f407xx.o(.text)
    I2C3_ER_IRQHandler                       0x080001bb   Thumb Code     0  startup_stm32f407xx.o(.text)
    I2C3_EV_IRQHandler                       0x080001bb   Thumb Code     0  startup_stm32f407xx.o(.text)
    OTG_FS_IRQHandler                        0x080001bb   Thumb Code     0  startup_stm32f407xx.o(.text)
    OTG_FS_WKUP_IRQHandler                   0x080001bb   Thumb Code     0  startup_stm32f407xx.o(.text)
    OTG_HS_EP1_IN_IRQHandler                 0x080001bb   Thumb Code     0  startup_stm32f407xx.o(.text)
    OTG_HS_EP1_OUT_IRQHandler                0x080001bb   Thumb Code     0  startup_stm32f407xx.o(.text)
    OTG_HS_IRQHandler                        0x080001bb   Thumb Code     0  startup_stm32f407xx.o(.text)
    OTG_HS_WKUP_IRQHandler                   0x080001bb   Thumb Code     0  startup_stm32f407xx.o(.text)
    PVD_IRQHandler                           0x080001bb   Thumb Code     0  startup_stm32f407xx.o(.text)
    RCC_IRQHandler                           0x080001bb   Thumb Code     0  startup_stm32f407xx.o(.text)
    RTC_Alarm_IRQHandler                     0x080001bb   Thumb Code     0  startup_stm32f407xx.o(.text)
    RTC_WKUP_IRQHandler                      0x080001bb   Thumb Code     0  startup_stm32f407xx.o(.text)
    SDIO_IRQHandler                          0x080001bb   Thumb Code     0  startup_stm32f407xx.o(.text)
    SPI1_IRQHandler                          0x080001bb   Thumb Code     0  startup_stm32f407xx.o(.text)
    SPI2_IRQHandler                          0x080001bb   Thumb Code     0  startup_stm32f407xx.o(.text)
    SPI3_IRQHandler                          0x080001bb   Thumb Code     0  startup_stm32f407xx.o(.text)
    TAMP_STAMP_IRQHandler                    0x080001bb   Thumb Code     0  startup_stm32f407xx.o(.text)
    TIM1_BRK_TIM9_IRQHandler                 0x080001bb   Thumb Code     0  startup_stm32f407xx.o(.text)
    TIM1_CC_IRQHandler                       0x080001bb   Thumb Code     0  startup_stm32f407xx.o(.text)
    TIM1_TRG_COM_TIM11_IRQHandler            0x080001bb   Thumb Code     0  startup_stm32f407xx.o(.text)
    TIM1_UP_TIM10_IRQHandler                 0x080001bb   Thumb Code     0  startup_stm32f407xx.o(.text)
    TIM2_IRQHandler                          0x080001bb   Thumb Code     0  startup_stm32f407xx.o(.text)
    TIM3_IRQHandler                          0x080001bb   Thumb Code     0  startup_stm32f407xx.o(.text)
    TIM4_IRQHandler                          0x080001bb   Thumb Code     0  startup_stm32f407xx.o(.text)
    TIM5_IRQHandler                          0x080001bb   Thumb Code     0  startup_stm32f407xx.o(.text)
    TIM6_DAC_IRQHandler                      0x080001bb   Thumb Code     0  startup_stm32f407xx.o(.text)
    TIM7_IRQHandler                          0x080001bb   Thumb Code     0  startup_stm32f407xx.o(.text)
    TIM8_BRK_TIM12_IRQHandler                0x080001bb   Thumb Code     0  startup_stm32f407xx.o(.text)
    TIM8_CC_IRQHandler                       0x080001bb   Thumb Code     0  startup_stm32f407xx.o(.text)
    TIM8_TRG_COM_TIM14_IRQHandler            0x080001bb   Thumb Code     0  startup_stm32f407xx.o(.text)
    TIM8_UP_TIM13_IRQHandler                 0x080001bb   Thumb Code     0  startup_stm32f407xx.o(.text)
    UART4_IRQHandler                         0x080001bb   Thumb Code     0  startup_stm32f407xx.o(.text)
    UART5_IRQHandler                         0x080001bb   Thumb Code     0  startup_stm32f407xx.o(.text)
    USART1_IRQHandler                        0x080001bb   Thumb Code     0  startup_stm32f407xx.o(.text)
    USART2_IRQHandler                        0x080001bb   Thumb Code     0  startup_stm32f407xx.o(.text)
    USART3_IRQHandler                        0x080001bb   Thumb Code     0  startup_stm32f407xx.o(.text)
    USART6_IRQHandler                        0x080001bb   Thumb Code     0  startup_stm32f407xx.o(.text)
    WWDG_IRQHandler                          0x080001bb   Thumb Code     0  startup_stm32f407xx.o(.text)
    __aeabi_uldivmod                         0x080001c5   Thumb Code    98  uldiv.o(.text)
    __aeabi_memset                           0x08000227   Thumb Code    14  memseta.o(.text)
    __aeabi_memset4                          0x08000227   Thumb Code     0  memseta.o(.text)
    __aeabi_memset8                          0x08000227   Thumb Code     0  memseta.o(.text)
    __aeabi_memclr                           0x08000235   Thumb Code     4  memseta.o(.text)
    __aeabi_memclr4                          0x08000235   Thumb Code     0  memseta.o(.text)
    __aeabi_memclr8                          0x08000235   Thumb Code     0  memseta.o(.text)
    _memset$wrapper                          0x08000239   Thumb Code    18  memseta.o(.text)
    __aeabi_dadd                             0x0800024b   Thumb Code   322  dadd.o(.text)
    __aeabi_dsub                             0x0800038d   Thumb Code     6  dadd.o(.text)
    __aeabi_drsub                            0x08000393   Thumb Code     6  dadd.o(.text)
    __aeabi_dmul                             0x08000399   Thumb Code   228  dmul.o(.text)
    __aeabi_ddiv                             0x0800047d   Thumb Code   222  ddiv.o(.text)
    __aeabi_ui2d                             0x0800055b   Thumb Code    26  dfltui.o(.text)
    __aeabi_d2uiz                            0x08000575   Thumb Code    50  dfixui.o(.text)
    __aeabi_f2d                              0x080005a7   Thumb Code    38  f2d.o(.text)
    __aeabi_d2f                              0x080005cd   Thumb Code    56  d2f.o(.text)
    __aeabi_llsl                             0x08000605   Thumb Code    30  llshl.o(.text)
    _ll_shift_l                              0x08000605   Thumb Code     0  llshl.o(.text)
    __aeabi_llsr                             0x08000623   Thumb Code    32  llushr.o(.text)
    _ll_ushift_r                             0x08000623   Thumb Code     0  llushr.o(.text)
    __aeabi_lasr                             0x08000643   Thumb Code    36  llsshr.o(.text)
    _ll_sshift_r                             0x08000643   Thumb Code     0  llsshr.o(.text)
    __I$use$fp                               0x08000667   Thumb Code     0  iusefp.o(.text)
    _float_round                             0x08000667   Thumb Code    18  fepilogue.o(.text)
    _float_epilogue                          0x08000679   Thumb Code    92  fepilogue.o(.text)
    _double_round                            0x080006d5   Thumb Code    30  depilogue.o(.text)
    _double_epilogue                         0x080006f3   Thumb Code   156  depilogue.o(.text)
    __aeabi_cdrcmple                         0x08000791   Thumb Code    48  cdrcmple.o(.text)
    __scatterload                            0x080007c1   Thumb Code    28  init.o(.text)
    __scatterload_rt2                        0x080007c1   Thumb Code     0  init.o(.text)
    ADC_IRQHandler                           0x080007e5   Thumb Code     6  stm32f4xx_it.o(i.ADC_IRQHandler)
    BusFault_Handler                         0x08000969   Thumb Code     2  stm32f4xx_it.o(i.BusFault_Handler)
    DebugMon_Handler                         0x0800096b   Thumb Code     2  stm32f4xx_it.o(i.DebugMon_Handler)
    Error_Handler                            0x0800096d   Thumb Code     4  main.o(i.Error_Handler)
    HAL_ADCEx_InjectedConvCpltCallback       0x08000971   Thumb Code     2  stm32f4xx_hal_adc_ex.o(i.HAL_ADCEx_InjectedConvCpltCallback)
    HAL_ADC_ConfigChannel                    0x08000975   Thumb Code   396  stm32f4xx_hal_adc.o(i.HAL_ADC_ConfigChannel)
    HAL_ADC_ConvCpltCallback                 0x08000b49   Thumb Code   102  main.o(i.HAL_ADC_ConvCpltCallback)
    HAL_ADC_ErrorCallback                    0x08000bc1   Thumb Code     2  stm32f4xx_hal_adc.o(i.HAL_ADC_ErrorCallback)
    HAL_ADC_GetValue                         0x08000bc3   Thumb Code     6  stm32f4xx_hal_adc.o(i.HAL_ADC_GetValue)
    HAL_ADC_IRQHandler                       0x08000bc9   Thumb Code   362  stm32f4xx_hal_adc.o(i.HAL_ADC_IRQHandler)
    HAL_ADC_Init                             0x08000d6d   Thumb Code   470  stm32f4xx_hal_adc.o(i.HAL_ADC_Init)
    HAL_ADC_LevelOutOfWindowCallback         0x08000f8d   Thumb Code     2  stm32f4xx_hal_adc.o(i.HAL_ADC_LevelOutOfWindowCallback)
    HAL_ADC_MspInit                          0x08000f91   Thumb Code   100  adc.o(i.HAL_ADC_MspInit)
    HAL_ADC_Start_IT                         0x08001001   Thumb Code   290  stm32f4xx_hal_adc.o(i.HAL_ADC_Start_IT)
    HAL_Delay                                0x08001179   Thumb Code    32  stm32f4xx_hal.o(i.HAL_Delay)
    HAL_GPIO_Init                            0x0800119d   Thumb Code   654  stm32f4xx_hal_gpio.o(i.HAL_GPIO_Init)
    HAL_GPIO_WritePin                        0x08001499   Thumb Code    46  stm32f4xx_hal_gpio.o(i.HAL_GPIO_WritePin)
    HAL_GetTick                              0x08001505   Thumb Code     6  stm32f4xx_hal.o(i.HAL_GetTick)
    HAL_IncTick                              0x08001511   Thumb Code    12  stm32f4xx_hal.o(i.HAL_IncTick)
    HAL_Init                                 0x08001521   Thumb Code    48  stm32f4xx_hal.o(i.HAL_Init)
    HAL_InitTick                             0x08001555   Thumb Code    54  stm32f4xx_hal.o(i.HAL_InitTick)
    HAL_MspInit                              0x08001595   Thumb Code    42  stm32f4xx_hal_msp.o(i.HAL_MspInit)
    HAL_NVIC_EnableIRQ                       0x080015c5   Thumb Code    40  stm32f4xx_hal_cortex.o(i.HAL_NVIC_EnableIRQ)
    HAL_NVIC_SetPriority                     0x08001629   Thumb Code    94  stm32f4xx_hal_cortex.o(i.HAL_NVIC_SetPriority)
    HAL_NVIC_SetPriorityGrouping             0x080016c9   Thumb Code    58  stm32f4xx_hal_cortex.o(i.HAL_NVIC_SetPriorityGrouping)
    HAL_RCC_ClockConfig                      0x08001749   Thumb Code   512  stm32f4xx_hal_rcc.o(i.HAL_RCC_ClockConfig)
    HAL_RCC_GetPCLK1Freq                     0x08001995   Thumb Code    20  stm32f4xx_hal_rcc.o(i.HAL_RCC_GetPCLK1Freq)
    HAL_RCC_GetPCLK2Freq                     0x080019b5   Thumb Code    20  stm32f4xx_hal_rcc.o(i.HAL_RCC_GetPCLK2Freq)
    HAL_RCC_GetSysClockFreq                  0x080019d5   Thumb Code    88  stm32f4xx_hal_rcc.o(i.HAL_RCC_GetSysClockFreq)
    HAL_RCC_OscConfig                        0x08001a35   Thumb Code  1192  stm32f4xx_hal_rcc.o(i.HAL_RCC_OscConfig)
    HAL_SYSTICK_Config                       0x08001edd   Thumb Code    40  stm32f4xx_hal_cortex.o(i.HAL_SYSTICK_Config)
    HAL_TIMEx_MasterConfigSynchronization    0x08001f05   Thumb Code   242  stm32f4xx_hal_tim_ex.o(i.HAL_TIMEx_MasterConfigSynchronization)
    HAL_TIM_Base_Init                        0x08002055   Thumb Code   260  stm32f4xx_hal_tim.o(i.HAL_TIM_Base_Init)
    HAL_TIM_Base_MspInit                     0x080021c5   Thumb Code    30  tim.o(i.HAL_TIM_Base_MspInit)
    HAL_TIM_Base_Start                       0x080021e9   Thumb Code   190  stm32f4xx_hal_tim.o(i.HAL_TIM_Base_Start)
    HAL_TIM_ConfigClockSource                0x08002311   Thumb Code   930  stm32f4xx_hal_tim.o(i.HAL_TIM_ConfigClockSource)
    HAL_UART_Init                            0x08002721   Thumb Code   246  stm32f4xx_hal_uart.o(i.HAL_UART_Init)
    HAL_UART_MspInit                         0x0800286d   Thumb Code    94  usart.o(i.HAL_UART_MspInit)
    HardFault_Handler                        0x080028d9   Thumb Code     2  stm32f4xx_it.o(i.HardFault_Handler)
    I2C_Start                                0x080028dd   Thumb Code    64  oled.o(i.I2C_Start)
    I2C_Stop                                 0x08002925   Thumb Code    42  oled.o(i.I2C_Stop)
    I2C_WaitAck                              0x08002959   Thumb Code    52  oled.o(i.I2C_WaitAck)
    IIC_Ack                                  0x08002995   Thumb Code    56  myiic.o(i.IIC_Ack)
    IIC_Init                                 0x080029d5   Thumb Code    58  myiic.o(i.IIC_Init)
    IIC_NAck                                 0x08002a1d   Thumb Code    56  myiic.o(i.IIC_NAck)
    IIC_Read_Byte                            0x08002a5d   Thumb Code    96  myiic.o(i.IIC_Read_Byte)
    IIC_Send_Byte                            0x08002ac5   Thumb Code    86  myiic.o(i.IIC_Send_Byte)
    IIC_Start                                0x08002b25   Thumb Code    56  myiic.o(i.IIC_Start)
    IIC_Stop                                 0x08002b65   Thumb Code    58  myiic.o(i.IIC_Stop)
    IIC_Wait_Ack                             0x08002ba9   Thumb Code    74  myiic.o(i.IIC_Wait_Ack)
    IIC_delay                                0x08002bfd   Thumb Code    10  oled.o(i.IIC_delay)
    MX_ADC1_Init                             0x08002c09   Thumb Code    92  adc.o(i.MX_ADC1_Init)
    MX_GPIO_Init                             0x08002c6d   Thumb Code   326  gpio.o(i.MX_GPIO_Init)
    MX_TIM2_Init                             0x08002dd5   Thumb Code    98  tim.o(i.MX_TIM2_Init)
    MX_USART1_UART_Init                      0x08002e41   Thumb Code    48  usart.o(i.MX_USART1_UART_Init)
    MemManage_Handler                        0x08002e79   Thumb Code     2  stm32f4xx_it.o(i.MemManage_Handler)
    NMI_Handler                              0x08002e7b   Thumb Code     2  stm32f4xx_it.o(i.NMI_Handler)
    OLED_Clear                               0x08002e7d   Thumb Code    40  oled.o(i.OLED_Clear)
    OLED_DrawPoint                           0x08002ea9   Thumb Code    40  oled.o(i.OLED_DrawPoint)
    OLED_Init                                0x08002ed5   Thumb Code   308  oled.o(i.OLED_Init)
    OLED_Pow                                 0x08003015   Thumb Code    16  oled.o(i.OLED_Pow)
    OLED_Refresh                             0x08003025   Thumb Code   100  oled.o(i.OLED_Refresh)
    OLED_ShowChar                            0x0800308d   Thumb Code   212  oled.o(i.OLED_ShowChar)
    OLED_ShowChinese                         0x08003171   Thumb Code   198  oled.o(i.OLED_ShowChinese)
    OLED_ShowNum                             0x08003245   Thumb Code   110  oled.o(i.OLED_ShowNum)
    OLED_WR_Byte                             0x080032b3   Thumb Code    54  oled.o(i.OLED_WR_Byte)
    PCA9685_read                             0x080032e9   Thumb Code    58  pca9685.o(i.PCA9685_read)
    PCA9685_write                            0x08003323   Thumb Code    48  pca9685.o(i.PCA9685_write)
    PendSV_Handler                           0x08003353   Thumb Code     2  stm32f4xx_it.o(i.PendSV_Handler)
    SVC_Handler                              0x08003355   Thumb Code     2  stm32f4xx_it.o(i.SVC_Handler)
    Send_Byte                                0x08003359   Thumb Code    80  oled.o(i.Send_Byte)
    SysTick_Handler                          0x080033b1   Thumb Code     4  stm32f4xx_it.o(i.SysTick_Handler)
    SystemClock_Config                       0x080033b5   Thumb Code   138  main.o(i.SystemClock_Config)
    SystemInit                               0x08003449   Thumb Code    12  system_stm32f4xx.o(i.SystemInit)
    TIM_Base_SetConfig                       0x08003459   Thumb Code   156  stm32f4xx_hal_tim.o(i.TIM_Base_SetConfig)
    TIM_ETR_SetConfig                        0x08003521   Thumb Code    20  stm32f4xx_hal_tim.o(i.TIM_ETR_SetConfig)
    UsageFault_Handler                       0x0800372d   Thumb Code     2  stm32f4xx_it.o(i.UsageFault_Handler)
    __hardfp_floor                           0x08003751   Thumb Code   252  floor.o(i.__hardfp_floor)
    __scatterload_copy                       0x08003869   Thumb Code    14  handlers.o(i.__scatterload_copy)
    __scatterload_null                       0x08003877   Thumb Code     2  handlers.o(i.__scatterload_null)
    __scatterload_zeroinit                   0x08003879   Thumb Code    14  handlers.o(i.__scatterload_zeroinit)
    assert_failed                            0x08003887   Thumb Code     2  main.o(i.assert_failed)
    delay_ms                                 0x08003889   Thumb Code     4  delay.o(i.delay_ms)
    delay_us                                 0x0800388d   Thumb Code    16  delay.o(i.delay_us)
    joint_init                               0x0800389d   Thumb Code    46  main.o(i.joint_init)
    main                                     0x080038d1   Thumb Code   170  main.o(i.main)
    setPWM                                   0x0800398d   Thumb Code    68  pca9685.o(i.setPWM)
    setPWMFreq                               0x080039d1   Thumb Code   130  pca9685.o(i.setPWMFreq)
    setServoAngle                            0x08003a6d   Thumb Code   112  pca9685.o(i.setServoAngle)
    AHBPrescTable                            0x08003afc   Data          16  system_stm32f4xx.o(.constdata)
    APBPrescTable                            0x08003b0c   Data           8  system_stm32f4xx.o(.constdata)
    asc2_0806                                0x08003b14   Data         552  oled.o(.constdata)
    asc2_1206                                0x08003d3c   Data        1140  oled.o(.constdata)
    asc2_1608                                0x080041b0   Data        1520  oled.o(.constdata)
    asc2_2412                                0x080047a0   Data        3420  oled.o(.constdata)
    Hzk1                                     0x080054fc   Data         352  oled.o(.constdata)
    Hzk2                                     0x0800565c   Data         432  oled.o(.constdata)
    Hzk3                                     0x0800580c   Data         128  oled.o(.constdata)
    Hzk4                                     0x0800588c   Data         512  oled.o(.constdata)
    Region$$Table$$Base                      0x08005a8c   Number         0  anon$$obj.o(Region$$Table)
    Region$$Table$$Limit                     0x08005aac   Number         0  anon$$obj.o(Region$$Table)
    speed                                    0x20000000   Data           1  main.o(.data)
    joint_zero                               0x2000001c   Data          14  main.o(.data)
    joint_max_angle                          0x2000002a   Data          14  main.o(.data)
    uwTickFreq                               0x20000038   Data           1  stm32f4xx_hal.o(.data)
    uwTickPrio                               0x2000003c   Data           4  stm32f4xx_hal.o(.data)
    uwTick                                   0x20000040   Data           4  stm32f4xx_hal.o(.data)
    SystemCoreClock                          0x20000044   Data           4  system_stm32f4xx.o(.data)
    hadc1                                    0x20000048   Data          72  adc.o(.bss)
    htim2                                    0x20000090   Data          72  tim.o(.bss)
    huart1                                   0x200000d8   Data          68  usart.o(.bss)
    OLED_GRAM                                0x2000011c   Data        1152  oled.o(.bss)
    __initial_sp                             0x200009a0   Data           0  startup_stm32f407xx.o(STACK)



==============================================================================

Memory Map of the image

  Image Entry point : 0x08000189

  Load Region LR_IROM1 (Base: 0x08000000, Size: 0x00005af4, Max: 0x00100000, ABSOLUTE)

    Execution Region ER_IROM1 (Exec base: 0x08000000, Load base: 0x08000000, Size: 0x00005aac, Max: 0x00100000, ABSOLUTE)

    Exec Addr    Load Addr    Size         Type   Attr      Idx    E Section Name        Object

    0x08000000   0x08000000   0x00000188   Data   RO            3    RESET               startup_stm32f407xx.o
    0x08000188   0x08000188   0x00000000   Code   RO         3823  * .ARM.Collect$$$$00000000  mc_w.l(entry.o)
    0x08000188   0x08000188   0x00000004   Code   RO         4128    .ARM.Collect$$$$00000001  mc_w.l(entry2.o)
    0x0800018c   0x0800018c   0x00000004   Code   RO         4131    .ARM.Collect$$$$00000004  mc_w.l(entry5.o)
    0x08000190   0x08000190   0x00000000   Code   RO         4133    .ARM.Collect$$$$00000008  mc_w.l(entry7b.o)
    0x08000190   0x08000190   0x00000000   Code   RO         4135    .ARM.Collect$$$$0000000A  mc_w.l(entry8b.o)
    0x08000190   0x08000190   0x00000008   Code   RO         4136    .ARM.Collect$$$$0000000B  mc_w.l(entry9a.o)
    0x08000198   0x08000198   0x00000004   Code   RO         4143    .ARM.Collect$$$$0000000E  mc_w.l(entry12b.o)
    0x0800019c   0x0800019c   0x00000000   Code   RO         4138    .ARM.Collect$$$$0000000F  mc_w.l(entry10a.o)
    0x0800019c   0x0800019c   0x00000000   Code   RO         4140    .ARM.Collect$$$$00000011  mc_w.l(entry11a.o)
    0x0800019c   0x0800019c   0x00000004   Code   RO         4129    .ARM.Collect$$$$00002712  mc_w.l(entry2.o)
    0x080001a0   0x080001a0   0x00000024   Code   RO            4    .text               startup_stm32f407xx.o
    0x080001c4   0x080001c4   0x00000062   Code   RO         3826    .text               mc_w.l(uldiv.o)
    0x08000226   0x08000226   0x00000024   Code   RO         3828    .text               mc_w.l(memseta.o)
    0x0800024a   0x0800024a   0x0000014e   Code   RO         4091    .text               mf_w.l(dadd.o)
    0x08000398   0x08000398   0x000000e4   Code   RO         4093    .text               mf_w.l(dmul.o)
    0x0800047c   0x0800047c   0x000000de   Code   RO         4095    .text               mf_w.l(ddiv.o)
    0x0800055a   0x0800055a   0x0000001a   Code   RO         4099    .text               mf_w.l(dfltui.o)
    0x08000574   0x08000574   0x00000032   Code   RO         4103    .text               mf_w.l(dfixui.o)
    0x080005a6   0x080005a6   0x00000026   Code   RO         4105    .text               mf_w.l(f2d.o)
    0x080005cc   0x080005cc   0x00000038   Code   RO         4107    .text               mf_w.l(d2f.o)
    0x08000604   0x08000604   0x0000001e   Code   RO         4147    .text               mc_w.l(llshl.o)
    0x08000622   0x08000622   0x00000020   Code   RO         4149    .text               mc_w.l(llushr.o)
    0x08000642   0x08000642   0x00000024   Code   RO         4151    .text               mc_w.l(llsshr.o)
    0x08000666   0x08000666   0x00000000   Code   RO         4160    .text               mc_w.l(iusefp.o)
    0x08000666   0x08000666   0x0000006e   Code   RO         4161    .text               mf_w.l(fepilogue.o)
    0x080006d4   0x080006d4   0x000000ba   Code   RO         4163    .text               mf_w.l(depilogue.o)
    0x0800078e   0x0800078e   0x00000002   PAD
    0x08000790   0x08000790   0x00000030   Code   RO         4171    .text               mf_w.l(cdrcmple.o)
    0x080007c0   0x080007c0   0x00000024   Code   RO         4173    .text               mc_w.l(init.o)
    0x080007e4   0x080007e4   0x0000000c   Code   RO          392    i.ADC_IRQHandler    stm32f4xx_it.o
    0x080007f0   0x080007f0   0x00000178   Code   RO          501    i.ADC_Init          stm32f4xx_hal_adc.o
    0x08000968   0x08000968   0x00000002   Code   RO          393    i.BusFault_Handler  stm32f4xx_it.o
    0x0800096a   0x0800096a   0x00000002   Code   RO          394    i.DebugMon_Handler  stm32f4xx_it.o
    0x0800096c   0x0800096c   0x00000004   Code   RO           13    i.Error_Handler     main.o
    0x08000970   0x08000970   0x00000002   Code   RO          672    i.HAL_ADCEx_InjectedConvCpltCallback  stm32f4xx_hal_adc_ex.o
    0x08000972   0x08000972   0x00000002   PAD
    0x08000974   0x08000974   0x000001d4   Code   RO          503    i.HAL_ADC_ConfigChannel  stm32f4xx_hal_adc.o
    0x08000b48   0x08000b48   0x00000078   Code   RO           14    i.HAL_ADC_ConvCpltCallback  main.o
    0x08000bc0   0x08000bc0   0x00000002   Code   RO          507    i.HAL_ADC_ErrorCallback  stm32f4xx_hal_adc.o
    0x08000bc2   0x08000bc2   0x00000006   Code   RO          510    i.HAL_ADC_GetValue  stm32f4xx_hal_adc.o
    0x08000bc8   0x08000bc8   0x000001a4   Code   RO          511    i.HAL_ADC_IRQHandler  stm32f4xx_hal_adc.o
    0x08000d6c   0x08000d6c   0x00000220   Code   RO          512    i.HAL_ADC_Init      stm32f4xx_hal_adc.o
    0x08000f8c   0x08000f8c   0x00000002   Code   RO          513    i.HAL_ADC_LevelOutOfWindowCallback  stm32f4xx_hal_adc.o
    0x08000f8e   0x08000f8e   0x00000002   PAD
    0x08000f90   0x08000f90   0x00000070   Code   RO          267    i.HAL_ADC_MspInit   adc.o
    0x08001000   0x08001000   0x00000178   Code   RO          520    i.HAL_ADC_Start_IT  stm32f4xx_hal_adc.o
    0x08001178   0x08001178   0x00000024   Code   RO         1672    i.HAL_Delay         stm32f4xx_hal.o
    0x0800119c   0x0800119c   0x000002fc   Code   RO         1146    i.HAL_GPIO_Init     stm32f4xx_hal_gpio.o
    0x08001498   0x08001498   0x0000006c   Code   RO         1150    i.HAL_GPIO_WritePin  stm32f4xx_hal_gpio.o
    0x08001504   0x08001504   0x0000000c   Code   RO         1678    i.HAL_GetTick       stm32f4xx_hal.o
    0x08001510   0x08001510   0x00000010   Code   RO         1684    i.HAL_IncTick       stm32f4xx_hal.o
    0x08001520   0x08001520   0x00000034   Code   RO         1685    i.HAL_Init          stm32f4xx_hal.o
    0x08001554   0x08001554   0x00000040   Code   RO         1686    i.HAL_InitTick      stm32f4xx_hal.o
    0x08001594   0x08001594   0x00000030   Code   RO          474    i.HAL_MspInit       stm32f4xx_hal_msp.o
    0x080015c4   0x080015c4   0x00000064   Code   RO         1535    i.HAL_NVIC_EnableIRQ  stm32f4xx_hal_cortex.o
    0x08001628   0x08001628   0x000000a0   Code   RO         1541    i.HAL_NVIC_SetPriority  stm32f4xx_hal_cortex.o
    0x080016c8   0x080016c8   0x00000080   Code   RO         1542    i.HAL_NVIC_SetPriorityGrouping  stm32f4xx_hal_cortex.o
    0x08001748   0x08001748   0x0000024c   Code   RO          777    i.HAL_RCC_ClockConfig  stm32f4xx_hal_rcc.o
    0x08001994   0x08001994   0x00000020   Code   RO          784    i.HAL_RCC_GetPCLK1Freq  stm32f4xx_hal_rcc.o
    0x080019b4   0x080019b4   0x00000020   Code   RO          785    i.HAL_RCC_GetPCLK2Freq  stm32f4xx_hal_rcc.o
    0x080019d4   0x080019d4   0x00000060   Code   RO          786    i.HAL_RCC_GetSysClockFreq  stm32f4xx_hal_rcc.o
    0x08001a34   0x08001a34   0x000004a8   Code   RO          789    i.HAL_RCC_OscConfig  stm32f4xx_hal_rcc.o
    0x08001edc   0x08001edc   0x00000028   Code   RO         1546    i.HAL_SYSTICK_Config  stm32f4xx_hal_cortex.o
    0x08001f04   0x08001f04   0x00000150   Code   RO         2649    i.HAL_TIMEx_MasterConfigSynchronization  stm32f4xx_hal_tim_ex.o
    0x08002054   0x08002054   0x00000170   Code   RO         1925    i.HAL_TIM_Base_Init  stm32f4xx_hal_tim.o
    0x080021c4   0x080021c4   0x00000024   Code   RO          309    i.HAL_TIM_Base_MspInit  tim.o
    0x080021e8   0x080021e8   0x00000128   Code   RO         1928    i.HAL_TIM_Base_Start  stm32f4xx_hal_tim.o
    0x08002310   0x08002310   0x00000410   Code   RO         1934    i.HAL_TIM_ConfigClockSource  stm32f4xx_hal_tim.o
    0x08002720   0x08002720   0x0000014c   Code   RO         2926    i.HAL_UART_Init     stm32f4xx_hal_uart.o
    0x0800286c   0x0800286c   0x0000006c   Code   RO          351    i.HAL_UART_MspInit  usart.o
    0x080028d8   0x080028d8   0x00000002   Code   RO          395    i.HardFault_Handler  stm32f4xx_it.o
    0x080028da   0x080028da   0x00000002   PAD
    0x080028dc   0x080028dc   0x00000048   Code   RO         3587    i.I2C_Start         oled.o
    0x08002924   0x08002924   0x00000034   Code   RO         3588    i.I2C_Stop          oled.o
    0x08002958   0x08002958   0x0000003c   Code   RO         3589    i.I2C_WaitAck       oled.o
    0x08002994   0x08002994   0x00000040   Code   RO         3376    i.IIC_Ack           myiic.o
    0x080029d4   0x080029d4   0x00000048   Code   RO         3377    i.IIC_Init          myiic.o
    0x08002a1c   0x08002a1c   0x00000040   Code   RO         3378    i.IIC_NAck          myiic.o
    0x08002a5c   0x08002a5c   0x00000068   Code   RO         3379    i.IIC_Read_Byte     myiic.o
    0x08002ac4   0x08002ac4   0x00000060   Code   RO         3380    i.IIC_Send_Byte     myiic.o
    0x08002b24   0x08002b24   0x00000040   Code   RO         3381    i.IIC_Start         myiic.o
    0x08002b64   0x08002b64   0x00000044   Code   RO         3382    i.IIC_Stop          myiic.o
    0x08002ba8   0x08002ba8   0x00000054   Code   RO         3383    i.IIC_Wait_Ack      myiic.o
    0x08002bfc   0x08002bfc   0x0000000a   Code   RO         3590    i.IIC_delay         oled.o
    0x08002c06   0x08002c06   0x00000002   PAD
    0x08002c08   0x08002c08   0x00000064   Code   RO          268    i.MX_ADC1_Init      adc.o
    0x08002c6c   0x08002c6c   0x00000168   Code   RO          242    i.MX_GPIO_Init      gpio.o
    0x08002dd4   0x08002dd4   0x0000006c   Code   RO          310    i.MX_TIM2_Init      tim.o
    0x08002e40   0x08002e40   0x00000038   Code   RO          352    i.MX_USART1_UART_Init  usart.o
    0x08002e78   0x08002e78   0x00000002   Code   RO          396    i.MemManage_Handler  stm32f4xx_it.o
    0x08002e7a   0x08002e7a   0x00000002   Code   RO          397    i.NMI_Handler       stm32f4xx_it.o
    0x08002e7c   0x08002e7c   0x0000002c   Code   RO         3591    i.OLED_Clear        oled.o
    0x08002ea8   0x08002ea8   0x0000002c   Code   RO         3598    i.OLED_DrawPoint    oled.o
    0x08002ed4   0x08002ed4   0x00000140   Code   RO         3599    i.OLED_Init         oled.o
    0x08003014   0x08003014   0x00000010   Code   RO         3600    i.OLED_Pow          oled.o
    0x08003024   0x08003024   0x00000068   Code   RO         3601    i.OLED_Refresh      oled.o
    0x0800308c   0x0800308c   0x000000e4   Code   RO         3603    i.OLED_ShowChar     oled.o
    0x08003170   0x08003170   0x000000d4   Code   RO         3604    i.OLED_ShowChinese  oled.o
    0x08003244   0x08003244   0x0000006e   Code   RO         3605    i.OLED_ShowNum      oled.o
    0x080032b2   0x080032b2   0x00000036   Code   RO         3608    i.OLED_WR_Byte      oled.o
    0x080032e8   0x080032e8   0x0000003a   Code   RO         3325    i.PCA9685_read      pca9685.o
    0x08003322   0x08003322   0x00000030   Code   RO         3326    i.PCA9685_write     pca9685.o
    0x08003352   0x08003352   0x00000002   Code   RO          398    i.PendSV_Handler    stm32f4xx_it.o
    0x08003354   0x08003354   0x00000002   Code   RO          399    i.SVC_Handler       stm32f4xx_it.o
    0x08003356   0x08003356   0x00000002   PAD
    0x08003358   0x08003358   0x00000058   Code   RO         3609    i.Send_Byte         oled.o
    0x080033b0   0x080033b0   0x00000004   Code   RO          400    i.SysTick_Handler   stm32f4xx_it.o
    0x080033b4   0x080033b4   0x00000094   Code   RO           15    i.SystemClock_Config  main.o
    0x08003448   0x08003448   0x00000010   Code   RO         3255    i.SystemInit        system_stm32f4xx.o
    0x08003458   0x08003458   0x000000c8   Code   RO         2018    i.TIM_Base_SetConfig  stm32f4xx_hal_tim.o
    0x08003520   0x08003520   0x00000014   Code   RO         2029    i.TIM_ETR_SetConfig  stm32f4xx_hal_tim.o
    0x08003534   0x08003534   0x00000010   Code   RO         2030    i.TIM_ITRx_SetConfig  stm32f4xx_hal_tim.o
    0x08003544   0x08003544   0x00000022   Code   RO         2036    i.TIM_TI1_ConfigInputStage  stm32f4xx_hal_tim.o
    0x08003566   0x08003566   0x00000024   Code   RO         2038    i.TIM_TI2_ConfigInputStage  stm32f4xx_hal_tim.o
    0x0800358a   0x0800358a   0x00000002   PAD
    0x0800358c   0x0800358c   0x000001a0   Code   RO         2952    i.UART_SetConfig    stm32f4xx_hal_uart.o
    0x0800372c   0x0800372c   0x00000002   Code   RO          401    i.UsageFault_Handler  stm32f4xx_it.o
    0x0800372e   0x0800372e   0x00000020   Code   RO         1548    i.__NVIC_SetPriority  stm32f4xx_hal_cortex.o
    0x0800374e   0x0800374e   0x00000002   PAD
    0x08003750   0x08003750   0x00000118   Code   RO         3789    i.__hardfp_floor    m_wm.l(floor.o)
    0x08003868   0x08003868   0x0000000e   Code   RO         4177    i.__scatterload_copy  mc_w.l(handlers.o)
    0x08003876   0x08003876   0x00000002   Code   RO         4178    i.__scatterload_null  mc_w.l(handlers.o)
    0x08003878   0x08003878   0x0000000e   Code   RO         4179    i.__scatterload_zeroinit  mc_w.l(handlers.o)
    0x08003886   0x08003886   0x00000002   Code   RO           16    i.assert_failed     main.o
    0x08003888   0x08003888   0x00000004   Code   RO         3292    i.delay_ms          delay.o
    0x0800388c   0x0800388c   0x00000010   Code   RO         3293    i.delay_us          delay.o
    0x0800389c   0x0800389c   0x00000034   Code   RO           20    i.joint_init        main.o
    0x080038d0   0x080038d0   0x000000bc   Code   RO           21    i.main              main.o
    0x0800398c   0x0800398c   0x00000044   Code   RO         3327    i.setPWM            pca9685.o
    0x080039d0   0x080039d0   0x0000009c   Code   RO         3328    i.setPWMFreq        pca9685.o
    0x08003a6c   0x08003a6c   0x00000090   Code   RO         3329    i.setServoAngle     pca9685.o
    0x08003afc   0x08003afc   0x00000010   Data   RO         3256    .constdata          system_stm32f4xx.o
    0x08003b0c   0x08003b0c   0x00000008   Data   RO         3257    .constdata          system_stm32f4xx.o
    0x08003b14   0x08003b14   0x00001f78   Data   RO         3611    .constdata          oled.o
    0x08005a8c   0x08005a8c   0x00000020   Data   RO         4175    Region$$Table       anon$$obj.o


    Execution Region RW_IRAM1 (Exec base: 0x20000000, Load base: 0x08005aac, Size: 0x000009a0, Max: 0x0001c000, ABSOLUTE)

    Exec Addr    Load Addr    Size         Type   Attr      Idx    E Section Name        Object

    0x20000000   0x08005aac   0x00000038   Data   RW           24    .data               main.o
    0x20000038   0x08005ae4   0x0000000c   Data   RW         1692    .data               stm32f4xx_hal.o
    0x20000044   0x08005af0   0x00000004   Data   RW         3258    .data               system_stm32f4xx.o
    0x20000048        -       0x00000048   Zero   RW          269    .bss                adc.o
    0x20000090        -       0x00000048   Zero   RW          311    .bss                tim.o
    0x200000d8        -       0x00000044   Zero   RW          353    .bss                usart.o
    0x2000011c        -       0x00000480   Zero   RW         3610    .bss                oled.o
    0x2000059c   0x08005af4   0x00000004   PAD
    0x200005a0        -       0x00000400   Zero   RW            1    STACK               startup_stm32f407xx.o


    Execution Region RW_IRAM2 (Exec base: 0x2001c000, Load base: 0x08005af4, Size: 0x00000000, Max: 0x00004000, ABSOLUTE)

    **** No section assigned to this execution region ****


==============================================================================

Image component sizes


      Code (inc. data)   RO Data    RW Data    ZI Data      Debug   Object Name

       212         20          0          0         72       1757   adc.o
        20          0          0          0          0       3462   delay.o
       360         34          0          0          0       1195   gpio.o
       514         52          0         56          0     717955   main.o
       616         76          0          0          0       4938   myiic.o
      1414         88       8056          0       1152      11576   oled.o
       474         58          0          0          0       3381   pca9685.o
        36          8        392          0       1024        844   startup_stm32f407xx.o
       180         28          0         12          0       9497   stm32f4xx_hal.o
      2194        358          0          0          0       6769   stm32f4xx_hal_adc.o
         2          0          0          0          0       1005   stm32f4xx_hal_adc_ex.o
       460        196          0          0          0      34155   stm32f4xx_hal_cortex.o
       872        172          0          0          0       2380   stm32f4xx_hal_gpio.o
        48          6          0          0          0        878   stm32f4xx_hal_msp.o
      1940        184          0          0          0       5500   stm32f4xx_hal_rcc.o
      2010        368          0          0          0       7486   stm32f4xx_hal_tim.o
       336         94          0          0          0       1436   stm32f4xx_hal_tim_ex.o
       748        158          0          0          0       2164   stm32f4xx_hal_uart.o
        32          6          0          0          0       4735   stm32f4xx_it.o
        16          4         24          4          0       1163   system_stm32f4xx.o
       144         16          0          0         72       1710   tim.o
       164         22          0          0         68       1758   usart.o

    ----------------------------------------------------------------------
     12806       1948       8504         72       2392     825744   Object Totals
         0          0         32          0          0          0   (incl. Generated)
        14          0          0          0          4          0   (incl. Padding)

    ----------------------------------------------------------------------

      Code (inc. data)   RO Data    RW Data    ZI Data      Debug   Library Member Name

       280         28          0          0          0        156   floor.o
         0          0          0          0          0          0   entry.o
         0          0          0          0          0          0   entry10a.o
         0          0          0          0          0          0   entry11a.o
         4          0          0          0          0          0   entry12b.o
         8          4          0          0          0          0   entry2.o
         4          0          0          0          0          0   entry5.o
         0          0          0          0          0          0   entry7b.o
         0          0          0          0          0          0   entry8b.o
         8          4          0          0          0          0   entry9a.o
        30          0          0          0          0          0   handlers.o
        36          8          0          0          0         68   init.o
         0          0          0          0          0          0   iusefp.o
        30          0          0          0          0         68   llshl.o
        36          0          0          0          0         68   llsshr.o
        32          0          0          0          0         68   llushr.o
        36          0          0          0          0        108   memseta.o
        98          0          0          0          0         92   uldiv.o
        48          0          0          0          0         68   cdrcmple.o
        56          0          0          0          0         88   d2f.o
       334          0          0          0          0        148   dadd.o
       222          0          0          0          0        100   ddiv.o
       186          0          0          0          0        176   depilogue.o
        50          0          0          0          0         76   dfixui.o
        26          0          0          0          0         76   dfltui.o
       228          0          0          0          0         96   dmul.o
        38          0          0          0          0         68   f2d.o
       110          0          0          0          0        168   fepilogue.o

    ----------------------------------------------------------------------
      1902         44          0          0          0       1692   Library Totals
         2          0          0          0          0          0   (incl. Padding)

    ----------------------------------------------------------------------

      Code (inc. data)   RO Data    RW Data    ZI Data      Debug   Library Name

       280         28          0          0          0        156   m_wm.l
       322         16          0          0          0        472   mc_w.l
      1298          0          0          0          0       1064   mf_w.l

    ----------------------------------------------------------------------
      1902         44          0          0          0       1692   Library Totals

    ----------------------------------------------------------------------

==============================================================================


      Code (inc. data)   RO Data    RW Data    ZI Data      Debug   

     14708       1992       8504         72       2392     818564   Grand Totals
     14708       1992       8504         72       2392     818564   ELF Image Totals
     14708       1992       8504         72          0          0   ROM Totals

==============================================================================

    Total RO  Size (Code + RO Data)                23212 (  22.67kB)
    Total RW  Size (RW Data + ZI Data)              2464 (   2.41kB)
    Total ROM Size (Code + RO Data + RW Data)      23284 (  22.74kB)

==============================================================================

